Archive member included to satisfy reference by file (symbol)

/opt/devkitpro/libctru/lib/libcitro2d.a(base.o)
                              main.o (C2D_Init)
/opt/devkitpro/libctru/lib/libcitro2d.a(render2d_shbin.o)
                              /opt/devkitpro/libctru/lib/libcitro2d.a(base.o) (render2d_shbin)
/opt/devkitpro/libctru/lib/libcitro3d.a(attribs.o)
                              /opt/devkitpro/libctru/lib/libcitro2d.a(base.o) (AttrInfo_Init)
/opt/devkitpro/libctru/lib/libcitro3d.a(base.o)
                              /opt/devkitpro/libctru/lib/libcitro3d.a(attribs.o) (__C3D_Context)
/opt/devkitpro/libctru/lib/libcitro3d.a(buffers.o)
                              /opt/devkitpro/libctru/lib/libcitro2d.a(base.o) (BufInfo_Init)
/opt/devkitpro/libctru/lib/libcitro3d.a(drawElements.o)
                              /opt/devkitpro/libctru/lib/libcitro2d.a(base.o) (C3D_DrawElements)
/opt/devkitpro/libctru/lib/libcitro3d.a(effect.o)
                              /opt/devkitpro/libctru/lib/libcitro3d.a(base.o) (C3D_DepthMap)
/opt/devkitpro/libctru/lib/libcitro3d.a(framebuffer.o)
                              /opt/devkitpro/libctru/lib/libcitro3d.a(base.o) (C3Di_FrameBufBind)
/opt/devkitpro/libctru/lib/libcitro3d.a(immediate.o)
                              /opt/devkitpro/libctru/lib/libcitro3d.a(base.o) (C3D_ImmSendAttrib)
/opt/devkitpro/libctru/lib/libcitro3d.a(proctex.o)
                              /opt/devkitpro/libctru/lib/libcitro2d.a(base.o) (C3D_ProcTexInit)
/opt/devkitpro/libctru/lib/libcitro3d.a(renderqueue.o)
                              /opt/devkitpro/libctru/lib/libcitro3d.a(base.o) (C3Di_RenderQueueEnableVBlank)
/opt/devkitpro/libctru/lib/libcitro3d.a(texenv.o)
                              /opt/devkitpro/libctru/lib/libcitro2d.a(base.o) (C3D_GetTexEnv)
/opt/devkitpro/libctru/lib/libcitro3d.a(texture.o)
                              /opt/devkitpro/libctru/lib/libcitro2d.a(base.o) (C3D_TexBind)
/opt/devkitpro/libctru/lib/libcitro3d.a(uniforms.o)
                              /opt/devkitpro/libctru/lib/libcitro3d.a(base.o) (C3D_UpdateUniforms)
/opt/devkitpro/libctru/lib/libcitro3d.a(mtx_multiply.o)
                              /opt/devkitpro/libctru/lib/libcitro2d.a(base.o) (Mtx_Multiply)
/opt/devkitpro/libctru/lib/libcitro3d.a(mtx_ortho.o)
                              /opt/devkitpro/libctru/lib/libcitro2d.a(base.o) (Mtx_Ortho)
/opt/devkitpro/libctru/lib/libcitro3d.a(mtx_orthotilt.o)
                              /opt/devkitpro/libctru/lib/libcitro2d.a(base.o) (Mtx_OrthoTilt)
/opt/devkitpro/libctru/lib/libcitro3d.a(mtx_rotatez.o)
                              /opt/devkitpro/libctru/lib/libcitro2d.a(base.o) (Mtx_RotateZ)
/opt/devkitpro/libctru/lib/libcitro3d.a(mtx_scale.o)
                              /opt/devkitpro/libctru/lib/libcitro2d.a(base.o) (Mtx_Scale)
/opt/devkitpro/libctru/lib/libcitro3d.a(mtx_translate.o)
                              /opt/devkitpro/libctru/lib/libcitro2d.a(base.o) (Mtx_Translate)
/opt/devkitpro/libctru/lib/libctru.a(linear.o)
                              /opt/devkitpro/libctru/lib/libcitro2d.a(base.o) (linearAlloc)
/opt/devkitpro/libctru/lib/libctru.a(mem_pool.o)
                              /opt/devkitpro/libctru/lib/libctru.a(linear.o) (MemPool::Allocate(MemChunk&, unsigned long, int))
/opt/devkitpro/libctru/lib/libctru.a(vram.o)
                              /opt/devkitpro/libctru/lib/libcitro3d.a(renderqueue.o) (vramAlloc)
/opt/devkitpro/libctru/lib/libctru.a(console.o)
                              main.o (consoleInit)
/opt/devkitpro/libctru/lib/libctru.a(gfx.o)
                              /opt/devkitpro/libctru/lib/libcitro2d.a(base.o) (gfxIsWide)
/opt/devkitpro/libctru/lib/libctru.a(os.o)
                              /opt/devkitpro/libctru/lib/libcitro3d.a(buffers.o) (osConvertVirtToPhys)
/opt/devkitpro/libctru/lib/libctru.a(thread.o)
                              main.o (threadCreate)
/opt/devkitpro/libctru/lib/libctru.a(gpu.o)
                              /opt/devkitpro/libctru/lib/libcitro3d.a(renderqueue.o) (gpuCmdBuf)
/opt/devkitpro/libctru/lib/libctru.a(gx.o)
                              /opt/devkitpro/libctru/lib/libcitro3d.a(renderqueue.o) (GX_BindQueue)
/opt/devkitpro/libctru/lib/libctru.a(gxqueue.o)
                              /opt/devkitpro/libctru/lib/libcitro3d.a(renderqueue.o) (gxCmdQueueClear)
/opt/devkitpro/libctru/lib/libctru.a(shaderProgram.o)
                              /opt/devkitpro/libctru/lib/libcitro2d.a(base.o) (shaderInstanceGetUniformLocation)
/opt/devkitpro/libctru/lib/libctru.a(shbin.o)
                              /opt/devkitpro/libctru/lib/libcitro2d.a(base.o) (DVLB_ParseFile)
/opt/devkitpro/libctru/lib/libctru.a(apt.o)
                              /opt/devkitpro/libctru/lib/libcitro3d.a(base.o) (aptHook)
/opt/devkitpro/libctru/lib/libctru.a(gspgpu.o)
                              /opt/devkitpro/libctru/lib/libctru.a(gfx.o) (gspInit)
/opt/devkitpro/libctru/lib/libctru.a(hid.o)
[...]
Memory Configuration

Name             Origin             Length             Attributes
*default*        0x00000000         0xffffffff

Linker script and memory map

                0x00000000                        __sync_synchronize = __sync_synchronize_dmb
                0x00100000                        PROVIDE (__start__ = 0x100000)
                0x00100000                        . = __start__

.text           0x00100000    0x285a4
 *(.crt0)
 .crt0          0x00100000       0x94 /opt/devkitpro/devkitARM/lib/gcc/arm-none-eabi/16.1.0/../../../../arm-none-eabi/lib/armv6k/fpu/3dsx_crt0.o
                0x00100000                _start
                0x00100008                __service_ptr
                0x0010000c                __apt_appid
                0x00100010                __heap_size
                0x00100014                __linear_heap_size
                0x00100018                __system_arglist
                0x0010001c                __system_runflags
 *(.init)
 .init          0x00100094        0xc /opt/devkitpro/devkitARM/lib/gcc/arm-none-eabi/16.1.0/armv6k/fpu/crti.o
                0x00100094                _init
 .init          0x001000a0        0xc /opt/devkitpro/devkitARM/lib/gcc/arm-none-eabi/16.1.0/armv6k/fpu/crtn.o
                0x001000ac                        . = ALIGN (0x4)
 *(.text)
 .text          0x001000ac      0x240 /opt/devkitpro/devkitARM/lib/gcc/arm-none-eabi/16.1.0/armv6k/fpu/libgcc.a(_divsi3.o)
                0x001000ac                __aeabi_idiv
                0x001000ac                __divsi3
                0x001002cc                __aeabi_idivmod
 .text          0x001002ec        0x4 /opt/devkitpro/devkitARM/lib/gcc/arm-none-eabi/16.1.0/armv6k/fpu/libgcc.a(_dvmd_tls.o)
                0x001002ec                __aeabi_ldiv0
                0x001002ec                __aeabi_idiv0
 .text          0x001002f0      0x3c0 /opt/devkitpro/devkitARM/lib/gcc/arm-none-eabi/16.1.0/armv6k/fpu/libgcc.a(_arm_addsubdf3.o)
                0x001002f0                __aeabi_drsub
                0x001002f8                __aeabi_dsub
                0x001002f8                __subdf3
                0x001002fc                __adddf3
                0x001002fc                __aeabi_dadd
                0x001005a8                __aeabi_ui2d
                0x001005a8                __floatunsidf
                0x001005cc                __floatsidf
                0x001005cc                __aeabi_i2d
                0x001005f4                __extendsfdf2
                0x001005f4                __aeabi_f2d
                0x0010063c                __aeabi_ul2d
                0x0010063c                __floatundidf
                0x00100650                __floatdidf
                0x00100650                __aeabi_l2d
 .text          0x001006b0       0x3c /opt/devkitpro/devkitARM/lib/gcc/arm-none-eabi/16.1.0/armv6k/fpu/libgcc.a(_aeabi_uldivmod.o)
                0x001006b0                __aeabi_uldivmod
 *fill*         0x001006ec       0x14 
 .text          0x00100700      0x390 /opt/devkitpro/devkitARM/lib/gcc/arm-none-eabi/16.1.0/../../../../arm-none-eabi/lib/armv6k/fpu/libg.a(libc_a-strcmp.o)
                0x00100708                strcmp
 .text          0x00100a90      0x20c /opt/devkitpro/devkitARM/lib/gcc/arm-none-eabi/16.1.0/armv6k/fpu/libgcc.a(_udivsi3.o)
                0x00100a90                __udivsi3
                0x00100a90                __aeabi_uidiv
                0x00100c7c                __aeabi_uidivmod
 *(.text.*)
 .text.__do_global_dtors_aux
                0x00100c9c       0x50 /opt/devkitpro/devkitARM/lib/gcc/arm-none-eabi/16.1.0/armv6k/fpu/crtbegin.o
 .text.frame_dummy
                0x00100cec       0x2c /opt/devkitpro/devkitARM/lib/gcc/arm-none-eabi/16.1.0/armv6k/fpu/crtbegin.o
 .text.send_command
                0x00100d18       0xc4 main.o
                0x00100d18                send_command
 *fill*         0x00100ddc        0x4 
 .text.network_thread
                0x00100de0       0xa0 main.o
                0x00100de0                network_thread
 .text.startup.main
                0x00100e80      0x38c main.o
                0x00100e80                main
 .text.C2Di_FrameEndHook
                0x0010120c       0x44 /opt/devkitpro/libctru/lib/libcitro2d.a(base.o)
 .text.C2D_Init
                0x00101250      0x368 /opt/devkitpro/libctru/lib/libcitro2d.a(base.o)
                0x00101250                C2D_Init
 .text.C2D_Fini
                0x001015b8       0x4c /opt/devkitpro/libctru/lib/libcitro2d.a(base.o)
                0x001015b8                C2D_Fini
 .text.C2D_Prepare
                0x00101604       0xbc /opt/devkitpro/libctru/lib/libcitro2d.a(base.o)
                0x00101604                C2D_Prepare
 .text.C2D_Flush
                0x001016c0       0x48 /opt/devkitpro/libctru/lib/libcitro2d.a(base.o)
                0x001016c0                C2D_Flush
 .text.C2D_SceneSize
                0x00101708       0xfc /opt/devkitpro/libctru/lib/libcitro2d.a(base.o)
                0x00101708                C2D_SceneSize
 .text.C2D_CreateScreenTarget
                0x00101804       0x60 /opt/devkitpro/libctru/lib/libcitro2d.a(base.o)
                0x00101804                C2D_CreateScreenTarget
 .text.C2D_TargetClear
                0x00101864       0x60 /opt/devkitpro/libctru/lib/libcitro2d.a(base.o)
                0x00101864                C2D_TargetClear
 .text.C2Di_AppendQuad
                0x001018c4       0x54 /opt/devkitpro/libctru/lib/libcitro2d.a(base.o)
                0x001018c4                C2Di_AppendQuad
 .text.C2Di_Update
                0x00101918      0x738 /opt/devkitpro/libctru/lib/libcitro2d.a(base.o)
                0x00101918                C2Di_Update
 .text.C2D_DrawRectangle
                0x00102050      0x168 /opt/devkitpro/libctru/lib/libcitro2d.a(base.o)
                0x00102050                C2D_DrawRectangle
 .text.AttrInfo_Init
                0x001021b8       0x28 /opt/devkitpro/libctru/lib/libcitro3d.a(attribs.o)
                0x001021b8                AttrInfo_Init
 .text.AttrInfo_AddLoader
                0x001021e0       0x94 /opt/devkitpro/libctru/lib/libcitro3d.a(attribs.o)
                0x001021e0                AttrInfo_AddLoader
 .text.C3D_SetAttrInfo
                0x00102274       0x54 /opt/devkitpro/libctru/lib/libcitro3d.a(attribs.o)
                0x00102274                C3D_SetAttrInfo
 .text.C3Di_AttrInfoBind
                0x001022c8       0x80 /opt/devkitpro/libctru/lib/libcitro3d.a(attribs.o)
                0x001022c8                C3Di_AttrInfoBind
 .text.C3Di_LightEnvUpdate
                0x00102348        0x4 /opt/devkitpro/libctru/lib/libcitro3d.a(base.o)
                0x00102348                C3Di_LightEnvUpdate
 .text.C3Di_LightEnvDirty
                0x0010234c        0x4 /opt/devkitpro/libctru/lib/libcitro3d.a(base.o)
                0x0010234c                C3Di_LightEnvDirty
 .text.C3Di_AptEventHook
                0x00102350       0xb4 /opt/devkitpro/libctru/lib/libcitro3d.a(base.o)
 .text.C3Di_GasUpdate
                0x00102404        0x4 /opt/devkitpro/libctru/lib/libcitro3d.a(base.o)
                0x00102404                C3Di_GasUpdate
 .text.C3D_Init
                0x00102408      0x1d0 /opt/devkitpro/libctru/lib/libcitro3d.a(base.o)
                0x00102408                C3D_Init
 .text.C3D_SetViewport
                0x001025d8       0x98 /opt/devkitpro/libctru/lib/libcitro3d.a(base.o)
                0x001025d8                C3D_SetViewport
 .text.C3Di_UpdateContext
                0x00102670      0x4e8 /opt/devkitpro/libctru/lib/libcitro3d.a(base.o)
                0x00102670                C3Di_UpdateContext
 .text.C3Di_SplitFrame
                0x00102b58       0xe0 /opt/devkitpro/libctru/lib/libcitro3d.a(base.o)
                0x00102b58                C3Di_SplitFrame
 .text.C3D_Fini
                0x00102c38       0x44 /opt/devkitpro/libctru/lib/libcitro3d.a(base.o)
                0x00102c38                C3D_Fini
 .text.C3D_BindProgram
                0x00102c7c      0x194 /opt/devkitpro/libctru/lib/libcitro3d.a(base.o)
                0x00102c7c                C3D_BindProgram
 .text.BufInfo_Init
                0x00102e10       0x24 /opt/devkitpro/libctru/lib/libcitro3d.a(buffers.o)
                0x00102e10                BufInfo_Init
 .text.BufInfo_Add
                0x00102e34       0x80 /opt/devkitpro/libctru/lib/libcitro3d.a(buffers.o)
                0x00102e34                BufInfo_Add
 .text.C3D_SetBufInfo
                0x00102eb4       0x3c /opt/devkitpro/libctru/lib/libcitro3d.a(buffers.o)
                0x00102eb4                C3D_SetBufInfo
 .text.C3Di_BufInfoBind
                0x00102ef0       0x48 /opt/devkitpro/libctru/lib/libcitro3d.a(buffers.o)
                0x00102ef0                C3Di_BufInfoBind
 .text.C3D_DrawElements
                0x00102f38      0x21c /opt/devkitpro/libctru/lib/libcitro3d.a(drawElements.o)
                0x00102f38                C3D_DrawElements
 .text.C3D_DepthMap
                0x00103154       0x40 /opt/devkitpro/libctru/lib/libcitro3d.a(effect.o)
                0x00103154                C3D_DepthMap
 .text.C3D_CullFace
                0x00103194       0x1c /opt/devkitpro/libctru/lib/libcitro3d.a(effect.o)
                0x00103194                C3D_CullFace
 .text.C3D_StencilTest
                0x001031b0       0x40 /opt/devkitpro/libctru/lib/libcitro3d.a(effect.o)
                0x001031b0                C3D_StencilTest
 .text.C3D_StencilOp
                0x001031f0       0x24 /opt/devkitpro/libctru/lib/libcitro3d.a(effect.o)
                0x001031f0                C3D_StencilOp
 .text.C3D_BlendingColor
                0x00103214       0x1c /opt/devkitpro/libctru/lib/libcitro3d.a(effect.o)
                0x00103214                C3D_BlendingColor
 .text.C3D_EarlyDepthTest
                0x00103230       0x24 /opt/devkitpro/libctru/lib/libcitro3d.a(effect.o)
                0x00103230                C3D_EarlyDepthTest
 .text.C3D_DepthTest
                0x00103254       0x2c /opt/devkitpro/libctru/lib/libcitro3d.a(effect.o)
                0x00103254                C3D_DepthTest
 .text.C3D_AlphaTest
                0x00103280       0x2c /opt/devkitpro/libctru/lib/libcitro3d.a(effect.o)
                0x00103280                C3D_AlphaTest
 .text.C3D_AlphaBlend
                0x001032ac       0x50 /opt/devkitpro/libctru/lib/libcitro3d.a(effect.o)
                0x001032ac                C3D_AlphaBlend
 .text.C3D_FragOpMode
                0x001032fc       0x30 /opt/devkitpro/libctru/lib/libcitro3d.a(effect.o)
                0x001032fc                C3D_FragOpMode
 .text.C3D_FragOpShadow
                0x0010332c       0x44 /opt/devkitpro/libctru/lib/libcitro3d.a(effect.o)
                0x0010332c                C3D_FragOpShadow
 .text.C3Di_EffectBind
                0x00103370      0x1ac /opt/devkitpro/libctru/lib/libcitro3d.a(effect.o)
                0x00103370                C3Di_EffectBind
 .text.C3D_CalcColorBufSize
                0x0010351c       0x1c /opt/devkitpro/libctru/lib/libcitro3d.a(framebuffer.o)
                0x0010351c                C3D_CalcColorBufSize
 .text.C3D_CalcDepthBufSize
                0x00103538       0x1c /opt/devkitpro/libctru/lib/libcitro3d.a(framebuffer.o)
                0x00103538                C3D_CalcDepthBufSize
 .text.C3D_SetFrameBuf
                0x00103554       0x44 /opt/devkitpro/libctru/lib/libcitro3d.a(framebuffer.o)
                0x00103554                C3D_SetFrameBuf
 .text.C3Di_FrameBufBind
                0x00103598      0x16c /opt/devkitpro/libctru/lib/libcitro3d.a(framebuffer.o)
                0x00103598                C3Di_FrameBufBind
 .text.C3D_FrameBufClear
                0x00103704       0xc8 /opt/devkitpro/libctru/lib/libcitro3d.a(framebuffer.o)
                0x00103704                C3D_FrameBufClear
 .text.C3D_FrameBufTransfer
                0x001037cc       0x44 /opt/devkitpro/libctru/lib/libcitro3d.a(framebuffer.o)
                0x001037cc                C3D_FrameBufTransfer
 .text.C3D_ImmSendAttrib
                0x00103810       0xa8 /opt/devkitpro/libctru/lib/libcitro3d.a(immediate.o)
                0x00103810                C3D_ImmSendAttrib
 .text.C3D_ProcTexInit
                0x001038b8       0x70 /opt/devkitpro/libctru/lib/libcitro3d.a(proctex.o)
                0x001038b8                C3D_ProcTexInit
 .text.C3D_ProcTexBind
                0x00103928       0x54 /opt/devkitpro/libctru/lib/libcitro3d.a(proctex.o)
                0x00103928                C3D_ProcTexBind
 .text.C3D_ProcTexLutBind
                0x0010397c       0x5c /opt/devkitpro/libctru/lib/libcitro3d.a(proctex.o)
                0x0010397c                C3D_ProcTexLutBind
 .text.ProcTexLut_FromArray
                0x001039d8       0xa4 /opt/devkitpro/libctru/lib/libcitro3d.a(proctex.o)
                0x001039d8                ProcTexLut_FromArray
 .text.C3Di_ProcTexUpdate
                0x00103a7c      0x178 /opt/devkitpro/libctru/lib/libcitro3d.a(proctex.o)
                0x00103a7c                C3Di_ProcTexUpdate
 .text.C3Di_ProcTexDirty
                0x00103bf4       0x68 /opt/devkitpro/libctru/lib/libcitro3d.a(proctex.o)
                0x00103bf4                C3Di_ProcTexDirty
 .text.onVBlank0
                0x00103c5c       0x4c /opt/devkitpro/libctru/lib/libcitro3d.a(renderqueue.o)
 .text.onVBlank1
                0x00103ca8       0x4c /opt/devkitpro/libctru/lib/libcitro3d.a(renderqueue.o)
 .text.C3Di_RenderTargetDestroy
                0x00103cf4       0x80 /opt/devkitpro/libctru/lib/libcitro3d.a(renderqueue.o)
 .text.onQueueFinish
                0x00103d74       0xf4 /opt/devkitpro/libctru/lib/libcitro3d.a(renderqueue.o)
 .text.C3Di_RenderQueueEnableVBlank
                0x00103e68       0x38 /opt/devkitpro/libctru/lib/libcitro3d.a(renderqueue.o)
                0x00103e68                C3Di_RenderQueueEnableVBlank
 .text.C3Di_RenderQueueDisableVBlank
                0x00103ea0       0x30 /opt/devkitpro/libctru/lib/libcitro3d.a(renderqueue.o)
                0x00103ea0                C3Di_RenderQueueDisableVBlank
 .text.C3Di_RenderQueueInit
                0x00103ed0       0x60 /opt/devkitpro/libctru/lib/libcitro3d.a(renderqueue.o)
                0x00103ed0                C3Di_RenderQueueInit
 .text.C3Di_RenderQueueExit
                0x00103f30       0xb4 /opt/devkitpro/libctru/lib/libcitro3d.a(renderqueue.o)
                0x00103f30                C3Di_RenderQueueExit
 .text.C3Di_RenderQueueWaitDone
                0x00103fe4       0x34 /opt/devkitpro/libctru/lib/libcitro3d.a(renderqueue.o)
                0x00103fe4                C3Di_RenderQueueWaitDone
 .text.C3D_FrameBegin
                0x00104018       0xe8 /opt/devkitpro/libctru/lib/libcitro3d.a(renderqueue.o)
                0x00104018                C3D_FrameBegin
 .text.C3D_FrameDrawOn
                0x00104100       0x48 /opt/devkitpro/libctru/lib/libcitro3d.a(renderqueue.o)
                0x00104100                C3D_FrameDrawOn
 .text.C3D_FrameSplit
                0x00104148       0x58 /opt/devkitpro/libctru/lib/libcitro3d.a(renderqueue.o)
                0x00104148                C3D_FrameSplit
 .text.C3D_FrameEnd
                0x001041a0      0x1d0 /opt/devkitpro/libctru/lib/libcitro3d.a(renderqueue.o)
                0x001041a0                C3D_FrameEnd
 .text.C3D_FrameEndHook
                0x00104370       0x1c /opt/devkitpro/libctru/lib/libcitro3d.a(renderqueue.o)
                0x00104370                C3D_FrameEndHook
 .text.C3D_RenderTargetCreate
                0x0010438c      0x170 /opt/devkitpro/libctru/lib/libcitro3d.a(renderqueue.o)
                0x0010438c                C3D_RenderTargetCreate
 .text.C3D_RenderTargetSetOutput
                0x001044fc       0xa8 /opt/devkitpro/libctru/lib/libcitro3d.a(renderqueue.o)
                0x001044fc                C3D_RenderTargetSetOutput
 .text.C3D_GetTexEnv
                0x001045a4       0x34 /opt/devkitpro/libctru/lib/libcitro3d.a(texenv.o)
                0x001045a4                C3D_GetTexEnv
 .text.C3Di_TexEnvBind
                0x001045d8       0x24 /opt/devkitpro/libctru/lib/libcitro3d.a(texenv.o)
                0x001045d8                C3Di_TexEnvBind
 .text.C3D_TexBind
                0x001045fc       0x44 /opt/devkitpro/libctru/lib/libcitro3d.a(texture.o)
                0x001045fc                C3D_TexBind
 .text.C3Di_SetTex
                0x00104640      0x14c /opt/devkitpro/libctru/lib/libcitro3d.a(texture.o)
                0x00104640                C3Di_SetTex
 .text.C3D_UpdateUniforms
                0x0010478c      0x290 /opt/devkitpro/libctru/lib/libcitro3d.a(uniforms.o)
                0x0010478c                C3D_UpdateUniforms
 .text.C3Di_DirtyUniforms
                0x00104a1c       0xc0 /opt/devkitpro/libctru/lib/libcitro3d.a(uniforms.o)
                0x00104a1c                C3Di_DirtyUniforms
 .text.C3Di_LoadShaderUniforms
                0x00104adc       0xd8 /opt/devkitpro/libctru/lib/libcitro3d.a(uniforms.o)
                0x00104adc                C3Di_LoadShaderUniforms
 .text.C3Di_ClearShaderUniforms
                0x00104bb4       0x28 /opt/devkitpro/libctru/lib/libcitro3d.a(uniforms.o)
                0x00104bb4                C3Di_ClearShaderUniforms
 .text.Mtx_Ortho
                0x00104bdc       0xcc /opt/devkitpro/libctru/lib/libcitro3d.a(mtx_ortho.o)
                0x00104bdc                Mtx_Ortho
 .text.Mtx_OrthoTilt
                0x00104ca8       0xcc /opt/devkitpro/libctru/lib/libcitro3d.a(mtx_orthotilt.o)
                0x00104ca8                Mtx_OrthoTilt
 .text._ZL21addrMapNodeComparatorPK11rbtree_nodeS1_
                0x00104d74       0x24 /opt/devkitpro/libctru/lib/libctru.a(linear.o)
 .text._ZL21addrMapNodeDestructorP11rbtree_node
                0x00104d98        0x4 /opt/devkitpro/libctru/lib/libctru.a(linear.o)
 .text.linearMemAlign
                0x00104d9c      0x12c /opt/devkitpro/libctru/lib/libctru.a(linear.o)
                0x00104d9c                linearMemAlign
 .text.linearAlloc
                0x00104ec8        0x8 /opt/devkitpro/libctru/lib/libctru.a(linear.o)
                0x00104ec8                linearAlloc
 .text.linearFree
                0x00104ed0       0x5c /opt/devkitpro/libctru/lib/libctru.a(linear.o)
                0x00104ed0                linearFree
 .text._ZN7MemPool13CoalesceRightEP8MemBlock
                0x00104f2c       0x88 /opt/devkitpro/libctru/lib/libctru.a(mem_pool.o)
                0x00104f2c                MemPool::CoalesceRight(MemBlock*)
 .text._ZN7MemPool8AllocateER8MemChunkmi
                0x00104fb4      0x178 /opt/devkitpro/libctru/lib/libctru.a(mem_pool.o)
                0x00104fb4                MemPool::Allocate(MemChunk&, unsigned long, int)
 .text._ZN7MemPool10DeallocateERK8MemChunk
                0x0010512c      0x118 /opt/devkitpro/libctru/lib/libctru.a(mem_pool.o)
                0x0010512c                MemPool::Deallocate(MemChunk const&)
 .text._ZN7MemPool12GetFreeSpaceEv
                0x00105244       0x30 /opt/devkitpro/libctru/lib/libctru.a(mem_pool.o)
                0x00105244                MemPool::GetFreeSpace()
 .text._ZL21addrMapNodeComparatorPK11rbtree_nodeS1_
                0x00105274       0x24 /opt/devkitpro/libctru/lib/libctru.a(vram.o)
 .text._ZL21addrMapNodeDestructorP11rbtree_node
                0x00105298        0x4 /opt/devkitpro/libctru/lib/libctru.a(vram.o)
 .text.vramMemAlignAt
                0x0010529c      0x248 /opt/devkitpro/libctru/lib/libctru.a(vram.o)
                0x0010529c                vramMemAlignAt
 .text.vramAlloc
                0x001054e4        0xc /opt/devkitpro/libctru/lib/libctru.a(vram.o)
                0x001054e4                vramAlloc
 .text.vramAllocAt
                0x001054f0        0xc /opt/devkitpro/libctru/lib/libctru.a(vram.o)
                0x001054f0                vramAllocAt
 .text.vramFree
                0x001054fc       0x94 /opt/devkitpro/libctru/lib/libctru.a(vram.o)
                0x001054fc                vramFree
 .text.consoleDrawChar
                0x00105590      0x1c8 /opt/devkitpro/libctru/lib/libctru.a(console.o)
                0x00105590                consoleDrawChar
 .text.consolePrintChar
                0x00105758      0x170 /opt/devkitpro/libctru/lib/libctru.a(console.o)
                0x00105758                consolePrintChar
 .text.con_write
                0x001058c8      0xcc8 /opt/devkitpro/libctru/lib/libctru.a(console.o)
                0x001058c8                con_write
 .text.newRow   0x00106590       0xfc /opt/devkitpro/libctru/lib/libctru.a(console.o)
 .text.consoleInit
                0x0010668c      0x180 /opt/devkitpro/libctru/lib/libctru.a(console.o)
                0x0010668c                consoleInit
 .text.gfxPresentFramebuffer
                0x0010680c       0xcc /opt/devkitpro/libctru/lib/libctru.a(gfx.o)
 .text.gfxIsWide
                0x001068d8       0x1c /opt/devkitpro/libctru/lib/libctru.a(gfx.o)
                0x001068d8                gfxIsWide
 .text.gfxSetScreenFormat
                0x001068f4       0xf8 /opt/devkitpro/libctru/lib/libctru.a(gfx.o)
                0x001068f4                gfxSetScreenFormat
 .text.gfxSetDoubleBuffering
                0x001069ec       0x10 /opt/devkitpro/libctru/lib/libctru.a(gfx.o)
                0x001069ec                gfxSetDoubleBuffering
 .text.gfxInit  0x001069fc       0xd8 /opt/devkitpro/libctru/lib/libctru.a(gfx.o)
                0x001069fc                gfxInit
 .text.gfxInitDefault
                0x00106ad4       0x10 /opt/devkitpro/libctru/lib/libctru.a(gfx.o)
                0x00106ad4                gfxInitDefault
 .text.gfxExit  0x00106ae4       0xb8 /opt/devkitpro/libctru/lib/libctru.a(gfx.o)
                0x00106ae4                gfxExit
 .text.gfxGetFramebuffer
                0x00106b9c       0xa0 /opt/devkitpro/libctru/lib/libctru.a(gfx.o)
                0x00106b9c                gfxGetFramebuffer
 .text.gfxFlushBuffers
                0x00106c3c      0x100 /opt/devkitpro/libctru/lib/libctru.a(gfx.o)
                0x00106c3c                gfxFlushBuffers
 .text.gfxScreenSwapBuffers
                0x00106d3c       0x28 /opt/devkitpro/libctru/lib/libctru.a(gfx.o)
                0x00106d3c                gfxScreenSwapBuffers
 .text.gfxSwapBuffersGpu
                0x00106d64       0x50 /opt/devkitpro/libctru/lib/libctru.a(gfx.o)
                0x00106d64                gfxSwapBuffersGpu
 .text.osConvertVirtToPhys
                0x00106db4       0x74 /opt/devkitpro/libctru/lib/libctru.a(os.o)
                0x00106db4                osConvertVirtToPhys
 .text.__ctru_speedup_config
                0x00106e28       0x34 /opt/devkitpro/libctru/lib/libctru.a(os.o)
                0x00106e28                __ctru_speedup_config
 .text.threadCreate
                0x00106e5c      0x1fc /opt/devkitpro/libctru/lib/libctru.a(thread.o)
                0x00106e5c                threadCreate
 .text.threadFree
                0x00107058       0x38 /opt/devkitpro/libctru/lib/libctru.a(thread.o)
                0x00107058                threadFree
 .text.threadJoin
                0x00107090       0x24 /opt/devkitpro/libctru/lib/libctru.a(thread.o)
                0x00107090                threadJoin
 .text.threadGetCurrent
                0x001070b4       0x30 /opt/devkitpro/libctru/lib/libctru.a(thread.o)
                0x001070b4                threadGetCurrent
 .text.threadExit
                0x001070e4       0x40 /opt/devkitpro/libctru/lib/libctru.a(thread.o)
                0x001070e4                threadExit
 .text._thread_begin
                0x00107124       0x20 /opt/devkitpro/libctru/lib/libctru.a(thread.o)
 .text.GPUCMD_Add
                0x00107144      0x13c /opt/devkitpro/libctru/lib/libctru.a(gpu.o)
                0x00107144                GPUCMD_Add
 .text.GPUCMD_Split
                0x00107280       0xb0 /opt/devkitpro/libctru/lib/libctru.a(gpu.o)
                0x00107280                GPUCMD_Split
 .text.f32tof16
                0x00107330       0x34 /opt/devkitpro/libctru/lib/libctru.a(gpu.o)
                0x00107330                f32tof16
 .text.f32tof24
                0x00107364       0x34 /opt/devkitpro/libctru/lib/libctru.a(gpu.o)
                0x00107364                f32tof24
 .text.f32tof31
                0x00107398       0x38 /opt/devkitpro/libctru/lib/libctru.a(gpu.o)
                0x00107398                f32tof31
 .text.GX_BindQueue
                0x001073d0       0x10 /opt/devkitpro/libctru/lib/libctru.a(gx.o)
                0x001073d0                GX_BindQueue
 .text.GX_ProcessCommandList
                0x001073e0       0x7c /opt/devkitpro/libctru/lib/libctru.a(gx.o)
                0x001073e0                GX_ProcessCommandList
 .text.GX_MemoryFill
                0x0010745c       0x74 /opt/devkitpro/libctru/lib/libctru.a(gx.o)
                0x0010745c                GX_MemoryFill
 .text.GX_DisplayTransfer
                0x001074d0       0x74 /opt/devkitpro/libctru/lib/libctru.a(gx.o)
                0x001074d0                GX_DisplayTransfer
 .text.gxCmdQueueDoCommands.part.0
                0x00107544       0x64 /opt/devkitpro/libctru/lib/libctru.a(gxqueue.o)
 .text.gxCmdQueueInterrupt
                0x001075a8       0xe4 /opt/devkitpro/libctru/lib/libctru.a(gxqueue.o)
                0x001075a8                gxCmdQueueInterrupt
 .text.gxCmdQueueClear
                0x0010768c       0x68 /opt/devkitpro/libctru/lib/libctru.a(gxqueue.o)
                0x0010768c                gxCmdQueueClear
 .text.gxCmdQueueAdd
                0x001076f4      0x108 /opt/devkitpro/libctru/lib/libctru.a(gxqueue.o)
                0x001076f4                gxCmdQueueAdd
 .text.gxCmdQueueRun
                0x001077fc       0x80 /opt/devkitpro/libctru/lib/libctru.a(gxqueue.o)
                0x001077fc                gxCmdQueueRun
 .text.gxCmdQueueStop
                0x0010787c       0x64 /opt/devkitpro/libctru/lib/libctru.a(gxqueue.o)
                0x0010787c                gxCmdQueueStop
 .text.gxCmdQueueWait
                0x001078e0       0xac /opt/devkitpro/libctru/lib/libctru.a(gxqueue.o)
                0x001078e0                gxCmdQueueWait
 .text.shaderInstanceInit
                0x0010798c      0x1e0 /opt/devkitpro/libctru/lib/libctru.a(shaderProgram.o)
                0x0010798c                shaderInstanceInit
 .text.shaderInstanceGetUniformLocation
                0x00107b6c       0x18 /opt/devkitpro/libctru/lib/libctru.a(shaderProgram.o)
                0x00107b6c                shaderInstanceGetUniformLocation
 .text.shaderProgramInit
                0x00107b84       0x1c /opt/devkitpro/libctru/lib/libctru.a(shaderProgram.o)
                0x00107b84                shaderProgramInit
 .text.shaderProgramFree
                0x00107ba0       0x74 /opt/devkitpro/libctru/lib/libctru.a(shaderProgram.o)
                0x00107ba0                shaderProgramFree
 .text.shaderProgramSetVsh
                0x00107c14       0x94 /opt/devkitpro/libctru/lib/libctru.a(shaderProgram.o)
                0x00107c14                shaderProgramSetVsh
 .text.shaderProgramConfigure
                0x00107ca8      0x8d0 /opt/devkitpro/libctru/lib/libctru.a(shaderProgram.o)
                0x00107ca8                shaderProgramConfigure
 .text.DVLE_GenerateOutmap.part.0
                0x00108578      0x1dc /opt/devkitpro/libctru/lib/libctru.a(shbin.o)
 .text.DVLB_ParseFile
                0x00108754      0x1ac /opt/devkitpro/libctru/lib/libctru.a(shbin.o)
                0x00108754                DVLB_ParseFile
 .text.DVLB_Free
                0x00108900       0x50 /opt/devkitpro/libctru/lib/libctru.a(shbin.o)
                0x00108900                DVLB_Free
 .text.DVLE_GetUniformRegister
                0x00108950       0x74 /opt/devkitpro/libctru/lib/libctru.a(shbin.o)
                0x00108950                DVLE_GetUniformRegister
 .text.aptConvertScreenForCapture
                0x001089c4      0x180 /opt/devkitpro/libctru/lib/libctru.a(apt.o)
 .text.aptDspSleep
                0x00108b44        0x8 /opt/devkitpro/libctru/lib/libctru.a(apt.o)
                0x00108b44                aptDspSleep
 .text.aptDspWakeup
                0x00108b4c        0x4 /opt/devkitpro/libctru/lib/libctru.a(apt.o)
                0x00108b4c                aptDspWakeup
 .text.aptDspCancel
                0x00108b50        0x4 /opt/devkitpro/libctru/lib/libctru.a(apt.o)
                0x00108b50                aptDspCancel
 .text.aptSendCommand
                0x00108b54      0x138 /opt/devkitpro/libctru/lib/libctru.a(apt.o)
                0x00108b54                aptSendCommand
 *fill*         0x00108c8c        0x4 
 .text.aptExitProcess
                0x00108c90       0x44 /opt/devkitpro/libctru/lib/libctru.a(apt.o)
 .text.aptExit  0x00108cd4      0x394 /opt/devkitpro/libctru/lib/libctru.a(apt.o)
                0x00108cd4                aptExit
 .text.aptHandleSleep
                0x00109068       0xd8 /opt/devkitpro/libctru/lib/libctru.a(apt.o)
                0x00109068                aptHandleSleep
 .text.aptHook  0x00109140       0x34 /opt/devkitpro/libctru/lib/libctru.a(apt.o)
                0x00109140                aptHook
 .text.aptUnhook
                0x00109174       0x30 /opt/devkitpro/libctru/lib/libctru.a(apt.o)
                0x00109174                aptUnhook
 .text.aptSetMessageCallback
                0x001091a4       0x1c /opt/devkitpro/libctru/lib/libctru.a(apt.o)
                0x001091a4                aptSetMessageCallback
 .text.APT_SleepIfShellClosed
                0x001091c0       0x84 /opt/devkitpro/libctru/lib/libctru.a(apt.o)
                0x001091c0                APT_SleepIfShellClosed
 .text.aptSetSleepAllowed
                0x00109244       0x78 /opt/devkitpro/libctru/lib/libctru.a(apt.o)
                0x00109244                aptSetSleepAllowed
 .text.APT_UnlockTransition
                0x001092bc       0x84 /opt/devkitpro/libctru/lib/libctru.a(apt.o)
                0x001092bc                APT_UnlockTransition
 .text.aptEventHandler
                0x00109340      0x470 /opt/devkitpro/libctru/lib/libctru.a(apt.o)
 .text.APT_ReceiveParameter
                0x001097b0       0xbc /opt/devkitpro/libctru/lib/libctru.a(apt.o)
                0x001097b0                APT_ReceiveParameter
 .text.aptReceiveParameter.constprop.0
                0x0010986c       0xb0 /opt/devkitpro/libctru/lib/libctru.a(apt.o)
 *fill*         0x0010991c        0x4 
 .text.aptScreenTransfer
                0x00109920      0x294 /opt/devkitpro/libctru/lib/libctru.a(apt.o)
 .text.aptWaitForWakeUp.isra.0
                0x00109bb4      0x2d0 /opt/devkitpro/libctru/lib/libctru.a(apt.o)
 .text.aptLaunchLibraryApplet
                0x00109e84      0x114 /opt/devkitpro/libctru/lib/libctru.a(apt.o)
                0x00109e84                aptLaunchLibraryApplet
 .text.aptJumpToHomeMenu
                0x00109f98       0xf4 /opt/devkitpro/libctru/lib/libctru.a(apt.o)
                0x00109f98                aptJumpToHomeMenu
 .text.aptMainLoop
                0x0010a08c       0x58 /opt/devkitpro/libctru/lib/libctru.a(apt.o)
                0x0010a08c                aptMainLoop
 .text.aptInit  0x0010a0e4      0x240 /opt/devkitpro/libctru/lib/libctru.a(apt.o)
                0x0010a0e4                aptInit
 .text.APT_SendParameter
                0x0010a324       0x5c /opt/devkitpro/libctru/lib/libctru.a(apt.o)
                0x0010a324                APT_SendParameter
 .text.APT_CheckNew3DS
                0x0010a380       0x90 /opt/devkitpro/libctru/lib/libctru.a(apt.o)
                0x0010a380                APT_CheckNew3DS
 .text.gspHardwareInit
                0x0010a410      0xc70 /opt/devkitpro/libctru/lib/libctru.a(gspgpu.o)
 .text.gspInit  0x0010b080      0x288 /opt/devkitpro/libctru/lib/libctru.a(gspgpu.o)
                0x0010b080                gspInit
 .text.gspExit  0x0010b308      0x104 /opt/devkitpro/libctru/lib/libctru.a(gspgpu.o)
                0x0010b308                gspExit
 .text.gspHasGpuRight
                0x0010b40c       0x10 /opt/devkitpro/libctru/lib/libctru.a(gspgpu.o)
                0x0010b40c                gspHasGpuRight
 .text.gspPresentBuffer
                0x0010b41c       0xa4 /opt/devkitpro/libctru/lib/libctru.a(gspgpu.o)
                0x0010b41c                gspPresentBuffer
 .text.gspSetEventCallback
                0x0010b4c0       0x30 /opt/devkitpro/libctru/lib/libctru.a(gspgpu.o)
                0x0010b4c0                gspSetEventCallback
 .text.gspWaitForEvent
                0x0010b4f0       0x50 /opt/devkitpro/libctru/lib/libctru.a(gspgpu.o)
                0x0010b4f0                gspWaitForEvent
 .text.gspWaitForAnyEvent
                0x0010b540       0x4c /opt/devkitpro/libctru/lib/libctru.a(gspgpu.o)
                0x0010b540                gspWaitForAnyEvent
 .text.gspEventThreadMain
                0x0010b58c      0x154 /opt/devkitpro/libctru/lib/libctru.a(gspgpu.o)
 .text.gspSubmitGxCommand
                0x0010b6e0      0x12c /opt/devkitpro/libctru/lib/libctru.a(gspgpu.o)
                0x0010b6e0                gspSubmitGxCommand
 .text.GSPGPU_FlushDataCache
                0x0010b80c       0x50 /opt/devkitpro/libctru/lib/libctru.a(gspgpu.o)
                0x0010b80c                GSPGPU_FlushDataCache
 .text.GSPGPU_SetLcdForceBlack
                0x0010b85c       0x34 /opt/devkitpro/libctru/lib/libctru.a(gspgpu.o)
                0x0010b85c                GSPGPU_SetLcdForceBlack
 .text.GSPGPU_AcquireRight
                0x0010b890       0x84 /opt/devkitpro/libctru/lib/libctru.a(gspgpu.o)
                0x0010b890                GSPGPU_AcquireRight
 .text.GSPGPU_ReleaseRight
                0x0010b914       0x64 /opt/devkitpro/libctru/lib/libctru.a(gspgpu.o)
                0x0010b914                GSPGPU_ReleaseRight
 .text.GSPGPU_ImportDisplayCaptureInfo
                0x0010b978       0x7c /opt/devkitpro/libctru/lib/libctru.a(gspgpu.o)
                0x0010b978                GSPGPU_ImportDisplayCaptureInfo
 .text.GSPGPU_SaveVramSysArea
                0x0010b9f4       0x2c /opt/devkitpro/libctru/lib/libctru.a(gspgpu.o)
                0x0010b9f4                GSPGPU_SaveVramSysArea
 .text.GSPGPU_RestoreVramSysArea
                0x0010ba20       0x2c /opt/devkitpro/libctru/lib/libctru.a(gspgpu.o)
                0x0010ba20                GSPGPU_RestoreVramSysArea
 .text.hidShouldUseIrrst
                0x0010ba4c       0x24 /opt/devkitpro/libctru/lib/libctru.a(hid.o)
                0x0010ba4c                hidShouldUseIrrst
 .text.hidInit  0x0010ba70      0x1cc /opt/devkitpro/libctru/lib/libctru.a(hid.o)
                0x0010ba70                hidInit
 .text.hidExit  0x0010bc3c       0xe8 /opt/devkitpro/libctru/lib/libctru.a(hid.o)
                0x0010bc3c                hidExit
 .text.hidScanInput
                0x0010bd24      0x2a0 /opt/devkitpro/libctru/lib/libctru.a(hid.o)
                0x0010bd24                hidScanInput
 .text.hidKeysHeld
                0x0010bfc4       0x10 /opt/devkitpro/libctru/lib/libctru.a(hid.o)
                0x0010bfc4                hidKeysHeld
 .text.hidKeysDown
                0x0010bfd4       0x10 /opt/devkitpro/libctru/lib/libctru.a(hid.o)
                0x0010bfd4                hidKeysDown
 .text.hidCircleRead
                0x0010bfe4       0x18 /opt/devkitpro/libctru/lib/libctru.a(hid.o)
                0x0010bfe4                hidCircleRead
 .text.httpcInit
                0x0010bffc      0x200 /opt/devkitpro/libctru/lib/libctru.a(httpc.o)
                0x0010bffc                httpcInit
 .text.httpcExit
                0x0010c1fc       0xbc /opt/devkitpro/libctru/lib/libctru.a(httpc.o)
                0x0010c1fc                httpcExit
 .text.httpcOpenContext
                0x0010c2b8      0x170 /opt/devkitpro/libctru/lib/libctru.a(httpc.o)
                0x0010c2b8                httpcOpenContext
 .text.httpcCloseContext
                0x0010c428       0x40 /opt/devkitpro/libctru/lib/libctru.a(httpc.o)
                0x0010c428                httpcCloseContext
 .text.httpcAddRequestHeaderField
                0x0010c468       0x8c /opt/devkitpro/libctru/lib/libctru.a(httpc.o)
                0x0010c468                httpcAddRequestHeaderField
 .text.httpcBeginRequest
                0x0010c4f4       0x30 /opt/devkitpro/libctru/lib/libctru.a(httpc.o)
                0x0010c4f4                httpcBeginRequest
 .text.httpcGetResponseStatusCode
                0x0010c524       0x3c /opt/devkitpro/libctru/lib/libctru.a(httpc.o)
                0x0010c524                httpcGetResponseStatusCode
 .text.httpcSetSSLOpt
                0x0010c560       0x34 /opt/devkitpro/libctru/lib/libctru.a(httpc.o)
                0x0010c560                httpcSetSSLOpt
 .text.irrstInit
                0x0010c594      0x1a4 /opt/devkitpro/libctru/lib/libctru.a(irrst.o)
                0x0010c594                irrstInit
 .text.irrstExit
                0x0010c738       0xdc /opt/devkitpro/libctru/lib/libctru.a(irrst.o)
                0x0010c738                irrstExit
 .text.irrstScanInput
                0x0010c814       0xb4 /opt/devkitpro/libctru/lib/libctru.a(irrst.o)
                0x0010c814                irrstScanInput
 .text.irrstKeysHeld
                0x0010c8c8       0x24 /opt/devkitpro/libctru/lib/libctru.a(irrst.o)
                0x0010c8c8                irrstKeysHeld
 .text.ptmSysmInit
                0x0010c8ec       0x78 /opt/devkitpro/libctru/lib/libctru.a(ptmsysm.o)
                0x0010c8ec                ptmSysmInit
 .text.ptmSysmExit
                0x0010c964       0x3c /opt/devkitpro/libctru/lib/libctru.a(ptmsysm.o)
                0x0010c964                ptmSysmExit
 .text.PTMSYSM_ConfigureNew3DSCPU
                0x0010c9a0       0x34 /opt/devkitpro/libctru/lib/libctru.a(ptmsysm.o)
                0x0010c9a0                PTMSYSM_ConfigureNew3DSCPU
 .text.swkbdMessageCallback
                0x0010c9d4      0x190 /opt/devkitpro/libctru/lib/libctru.a(swkbd.o)
 .text.swkbdInit
                0x0010cb64       0x84 /opt/devkitpro/libctru/lib/libctru.a(swkbd.o)
                0x0010cb64                swkbdInit
 .text.swkbdSetHintText
                0x0010cbe8       0x64 /opt/devkitpro/libctru/lib/libctru.a(swkbd.o)
                0x0010cbe8                swkbdSetHintText
 .text.swkbdSetInitialText
                0x0010cc4c        0x8 /opt/devkitpro/libctru/lib/libctru.a(swkbd.o)
                0x0010cc4c                swkbdSetInitialText
 .text.swkbdInputText
                0x0010cc54      0x3a8 /opt/devkitpro/libctru/lib/libctru.a(swkbd.o)
                0x0010cc54                swkbdInputText
 .text.rbtree_find
                0x0010cffc       0x74 /opt/devkitpro/libctru/lib/libctru.a(rbtree_find.o)
                0x0010cffc                rbtree_find
 .text.rbtree_init
                0x0010d070       0x10 /opt/devkitpro/libctru/lib/libctru.a(rbtree_init.o)
                0x0010d070                rbtree_init
 .text.do_insert
                0x0010d080      0x198 /opt/devkitpro/libctru/lib/libctru.a(rbtree_insert.o)
 .text.rbtree_insert
                0x0010d218        0x8 /opt/devkitpro/libctru/lib/libctru.a(rbtree_insert.o)
                0x0010d218                rbtree_insert
 .text.rbtree_remove
                0x0010d220      0x310 /opt/devkitpro/libctru/lib/libctru.a(rbtree_remove.o)
                0x0010d220                rbtree_remove
 .text.rbtree_rotate
                0x0010d530       0x90 /opt/devkitpro/libctru/lib/libctru.a(rbtree_rotate.o)
                0x0010d530                rbtree_rotate
 .text.utf16_to_utf8
                0x0010d5c0       0xe8 /opt/devkitpro/libctru/lib/libctru.a(utf16_to_utf8.o)
                0x0010d5c0                utf16_to_utf8
 .text.utf8_to_utf16
                0x0010d6a8       0xc0 /opt/devkitpro/libctru/lib/libctru.a(utf8_to_utf16.o)
                0x0010d6a8                utf8_to_utf16
 .text.__system_allocateHeaps
                0x0010d768      0x1e8 /opt/devkitpro/libctru/lib/libctru.a(allocateHeaps.o)
                0x0010d768                __system_allocateHeaps
 .text.__libctru_init
                0x0010d950       0x38 /opt/devkitpro/libctru/lib/libctru.a(ctru_init.o)
                0x0010d950                __libctru_init
 .text.__system_initArgv
                0x0010d988      0x16c /opt/devkitpro/libctru/lib/libctru.a(initArgv.o)
                0x0010d988                __system_initArgv
 .text.__syscall_getreent
                0x0010daf4       0x30 /opt/devkitpro/libctru/lib/libctru.a(syscalls.o)
                0x0010daf4                __syscall_getreent
 .text.__syscall_lock_acquire
                0x0010db24        0x4 /opt/devkitpro/libctru/lib/libctru.a(syscalls.o)
                0x0010db24                __syscall_lock_acquire
 .text.__syscall_lock_release
                0x0010db28        0x4 /opt/devkitpro/libctru/lib/libctru.a(syscalls.o)
                0x0010db28                __syscall_lock_release
 .text.__syscall_lock_acquire_recursive
                0x0010db2c        0x4 /opt/devkitpro/libctru/lib/libctru.a(syscalls.o)
                0x0010db2c                __syscall_lock_acquire_recursive
 .text.__syscall_lock_release_recursive
                0x0010db30        0x4 /opt/devkitpro/libctru/lib/libctru.a(syscalls.o)
                0x0010db30                __syscall_lock_release_recursive
 .text.__syscall_exit
                0x0010db34        0x4 /opt/devkitpro/libctru/lib/libctru.a(syscalls.o)
                0x0010db34                __syscall_exit
 .text.initThreadVars
                0x0010db38       0x54 /opt/devkitpro/libctru/lib/libctru.a(syscalls.o)
                0x0010db38                initThreadVars
 .text.__system_initSyscalls
                0x0010db8c       0x80 /opt/devkitpro/libctru/lib/libctru.a(syscalls.o)
                0x0010db8c                __system_initSyscalls
 .text.svcControlMemory
                0x0010dc0c       0x20 /opt/devkitpro/libctru/lib/libctru.a(svc.o)
                0x0010dc0c                svcControlMemory
 .text.svcQueryMemory
                0x0010dc2c       0x30 /opt/devkitpro/libctru/lib/libctru.a(svc.o)
                0x0010dc2c                svcQueryMemory
 .text.svcExitProcess
                0x0010dc5c        0x8 /opt/devkitpro/libctru/lib/libctru.a(svc.o)
                0x0010dc5c                svcExitProcess
 .text.svcCreateThread
                0x0010dc64       0x20 /opt/devkitpro/libctru/lib/libctru.a(svc.o)
                0x0010dc64                svcCreateThread
 .text.svcExitThread
                0x0010dc84        0x8 /opt/devkitpro/libctru/lib/libctru.a(svc.o)
                0x0010dc84                svcExitThread
 .text.svcSleepThread
                0x0010dc8c        0x8 /opt/devkitpro/libctru/lib/libctru.a(svc.o)
                0x0010dc8c                svcSleepThread
 .text.svcGetThreadPriority
                0x0010dc94       0x14 /opt/devkitpro/libctru/lib/libctru.a(svc.o)
                0x0010dc94                svcGetThreadPriority
 .text.svcReleaseMutex
                0x0010dca8        0x8 /opt/devkitpro/libctru/lib/libctru.a(svc.o)
                0x0010dca8                svcReleaseMutex
 .text.svcCreateEvent
                0x0010dcb0       0x14 /opt/devkitpro/libctru/lib/libctru.a(svc.o)
                0x0010dcb0                svcCreateEvent
 .text.svcSignalEvent
                0x0010dcc4        0x8 /opt/devkitpro/libctru/lib/libctru.a(svc.o)
                0x0010dcc4                svcSignalEvent
 .text.svcClearEvent
                0x0010dccc        0x8 /opt/devkitpro/libctru/lib/libctru.a(svc.o)
                0x0010dccc                svcClearEvent
 .text.svcCreateMemoryBlock
                0x0010dcd4       0x18 /opt/devkitpro/libctru/lib/libctru.a(svc.o)
                0x0010dcd4                svcCreateMemoryBlock
 .text.svcMapMemoryBlock
                0x0010dcec        0x8 /opt/devkitpro/libctru/lib/libctru.a(svc.o)
                0x0010dcec                svcMapMemoryBlock
 .text.svcUnmapMemoryBlock
                0x0010dcf4        0x8 /opt/devkitpro/libctru/lib/libctru.a(svc.o)
                0x0010dcf4                svcUnmapMemoryBlock
 .text.svcCreateAddressArbiter
                0x0010dcfc       0x14 /opt/devkitpro/libctru/lib/libctru.a(svc.o)
                0x0010dcfc                svcCreateAddressArbiter
 .text.svcArbitrateAddressNoTimeout
                0x0010dd10        0x8 /opt/devkitpro/libctru/lib/libctru.a(svc.o)
                0x0010dd10                svcArbitrateAddressNoTimeout
 .text.svcCloseHandle
                0x0010dd18        0x8 /opt/devkitpro/libctru/lib/libctru.a(svc.o)
                0x0010dd18                svcCloseHandle
 .text.svcWaitSynchronization
                0x0010dd20        0x8 /opt/devkitpro/libctru/lib/libctru.a(svc.o)
                0x0010dd20                svcWaitSynchronization
 .text.svcWaitSynchronizationN
                0x0010dd28       0x28 /opt/devkitpro/libctru/lib/libctru.a(svc.o)
                0x0010dd28                svcWaitSynchronizationN
 .text.svcDuplicateHandle
                0x0010dd50       0x14 /opt/devkitpro/libctru/lib/libctru.a(svc.o)
                0x0010dd50                svcDuplicateHandle
 .text.svcGetSystemTick
                0x0010dd64        0x8 /opt/devkitpro/libctru/lib/libctru.a(svc.o)
                0x0010dd64                svcGetSystemTick
 .text.svcConnectToPort
                0x0010dd6c       0x14 /opt/devkitpro/libctru/lib/libctru.a(svc.o)
                0x0010dd6c                svcConnectToPort
 .text.svcSendSyncRequest
                0x0010dd80        0x8 /opt/devkitpro/libctru/lib/libctru.a(svc.o)
                0x0010dd80                svcSendSyncRequest
 .text.svcGetResourceLimit
                0x0010dd88       0x14 /opt/devkitpro/libctru/lib/libctru.a(svc.o)
                0x0010dd88                svcGetResourceLimit
 .text.svcGetResourceLimitLimitValues
                0x0010dd9c        0x8 /opt/devkitpro/libctru/lib/libctru.a(svc.o)
                0x0010dd9c                svcGetResourceLimitLimitValues
 .text.svcGetResourceLimitCurrentValues
                0x0010dda4        0x8 /opt/devkitpro/libctru/lib/libctru.a(svc.o)
                0x0010dda4                svcGetResourceLimitCurrentValues
 .text.svcBreak
                0x0010ddac        0x8 /opt/devkitpro/libctru/lib/libctru.a(svc.o)
                0x0010ddac                svcBreak
 .text.initSystem
                0x0010ddb4       0x50 /opt/devkitpro/libctru/lib/libctru.a(stack_adjust.o)
                0x0010ddb4                initSystem
 .text.__ctru_exit
                0x0010de04       0x14 /opt/devkitpro/libctru/lib/libctru.a(stack_adjust.o)
                0x0010de04                __ctru_exit
 .text.envGetHandle
                0x0010de18       0x8c /opt/devkitpro/libctru/lib/libctru.a(env.o)
                0x0010de18                envGetHandle
 .text.envDestroyHandles
                0x0010dea4       0x50 /opt/devkitpro/libctru/lib/libctru.a(env.o)
                0x0010dea4                envDestroyHandles
 .text.srvInit  0x0010def4      0x164 /opt/devkitpro/libctru/lib/libctru.a(srv.o)
                0x0010def4                srvInit
 .text.srvExit  0x0010e058       0x64 /opt/devkitpro/libctru/lib/libctru.a(srv.o)
                0x0010e058                srvExit
 .text.srvEnableNotification
                0x0010e0bc       0x60 /opt/devkitpro/libctru/lib/libctru.a(srv.o)
                0x0010e0bc                srvEnableNotification
 .text.srvGetServiceHandleDirect
                0x0010e11c       0xa0 /opt/devkitpro/libctru/lib/libctru.a(srv.o)
                0x0010e11c                srvGetServiceHandleDirect
 .text.srvGetServiceHandle
                0x0010e1bc       0x48 /opt/devkitpro/libctru/lib/libctru.a(srv.o)
                0x0010e1bc                srvGetServiceHandle
 .text.srvSubscribe
                0x0010e204       0x34 /opt/devkitpro/libctru/lib/libctru.a(srv.o)
                0x0010e204                srvSubscribe
 .text.srvReceiveNotification
                0x0010e238       0x60 /opt/devkitpro/libctru/lib/libctru.a(srv.o)
                0x0010e238                srvReceiveNotification
 .text.srvPublishToSubscriber
                0x0010e298       0x38 /opt/devkitpro/libctru/lib/libctru.a(srv.o)
                0x0010e298                srvPublishToSubscriber
 .text.__sync_init
                0x0010e2d0        0xc /opt/devkitpro/libctru/lib/libctru.a(synchronization.o)
                0x0010e2d0                __sync_init
 .text.__sync_fini
                0x0010e2dc       0x18 /opt/devkitpro/libctru/lib/libctru.a(synchronization.o)
                0x0010e2dc                __sync_fini
 .text.syncArbitrateAddress
                0x0010e2f4       0x28 /opt/devkitpro/libctru/lib/libctru.a(synchronization.o)
                0x0010e2f4                syncArbitrateAddress
 .text.LightLock_Lock
                0x0010e31c       0xac /opt/devkitpro/libctru/lib/libctru.a(synchronization.o)
                0x0010e31c                LightLock_Lock
 .text.LightLock_Unlock
                0x0010e3c8       0x40 /opt/devkitpro/libctru/lib/libctru.a(synchronization.o)
                0x0010e3c8                LightLock_Unlock
 .text.RecursiveLock_Lock
                0x0010e408       0x54 /opt/devkitpro/libctru/lib/libctru.a(synchronization.o)
                0x0010e408                RecursiveLock_Lock
 .text.RecursiveLock_Unlock
                0x0010e45c       0x54 /opt/devkitpro/libctru/lib/libctru.a(synchronization.o)
                0x0010e45c                RecursiveLock_Unlock
 .text.LightEvent_Init
                0x0010e4b0       0x44 /opt/devkitpro/libctru/lib/libctru.a(synchronization.o)
                0x0010e4b0                LightEvent_Init
 .text.LightEvent_Clear
                0x0010e4f4       0xb8 /opt/devkitpro/libctru/lib/libctru.a(synchronization.o)
                0x0010e4f4                LightEvent_Clear
 .text.LightEvent_Signal
                0x0010e5ac       0xdc /opt/devkitpro/libctru/lib/libctru.a(synchronization.o)
                0x0010e5ac                LightEvent_Signal
 .text.LightEvent_TryWait
                0x0010e688       0x50 /opt/devkitpro/libctru/lib/libctru.a(synchronization.o)
                0x0010e688                LightEvent_TryWait
 .text.LightEvent_Wait
                0x0010e6d8       0xac /opt/devkitpro/libctru/lib/libctru.a(synchronization.o)
                0x0010e6d8                LightEvent_Wait
 .text.mappableFindAddressWithin
                0x0010e784       0x90 /opt/devkitpro/libctru/lib/libctru.a(mappable.o)
 .text.mappableInit
                0x0010e814       0x28 /opt/devkitpro/libctru/lib/libctru.a(mappable.o)
                0x0010e814                mappableInit
 .text.mappableAlloc
                0x0010e83c       0x7c /opt/devkitpro/libctru/lib/libctru.a(mappable.o)
                0x0010e83c                mappableAlloc
 .text.mappableFree
                0x0010e8b8        0x4 /opt/devkitpro/libctru/lib/libctru.a(mappable.o)
                0x0010e8b8                mappableFree
 .text.srvPmGetSessionHandle
                0x0010e8bc        0xc /opt/devkitpro/libctru/lib/libctru.a(srvpm.o)
                0x0010e8bc                srvPmGetSessionHandle
 .text.rbtree_node_next
                0x0010e8c8       0x60 /opt/devkitpro/libctru/lib/libctru.a(rbtree_iterator.o)
                0x0010e8c8                rbtree_node_next
 .text.decode_utf16
                0x0010e928       0x54 /opt/devkitpro/libctru/lib/libctru.a(decode_utf16.o)
                0x0010e928                decode_utf16
 .text.decode_utf8
                0x0010e97c      0x140 /opt/devkitpro/libctru/lib/libctru.a(decode_utf8.o)
                0x0010e97c                decode_utf8
 .text.encode_utf16
                0x0010eabc       0x54 /opt/devkitpro/libctru/lib/libctru.a(encode_utf16.o)
                0x0010eabc                encode_utf16
 .text.encode_utf8
                0x0010eb10       0xe0 /opt/devkitpro/libctru/lib/libctru.a(encode_utf8.o)
                0x0010eb10                encode_utf8
 .text.__appExit
                0x0010ebf0       0x30 /opt/devkitpro/libctru/lib/libctru.a(appExit.o)
                0x0010ebf0                __appExit
 .text.__appInit
                0x0010ec20       0x30 /opt/devkitpro/libctru/lib/libctru.a(appInit.o)
                0x0010ec20                __appInit
 .text.__libctru_exit
                0x0010ec50       0x90 /opt/devkitpro/libctru/lib/libctru.a(ctru_exit.o)
                0x0010ec50                __libctru_exit
 .text.error_cmp
                0x0010ece0       0x24 /opt/devkitpro/libctru/lib/libctru.a(archive_dev.o)
 .text.archive_translate_error
                0x0010ed04       0x50 /opt/devkitpro/libctru/lib/libctru.a(archive_dev.o)
 .text.archive_seek
                0x0010ed54       0xc0 /opt/devkitpro/libctru/lib/libctru.a(archive_dev.o)
 .text._archiveInit.part.0
                0x0010ee14       0x78 /opt/devkitpro/libctru/lib/libctru.a(archive_dev.o)
 .text.archiveFindDevice.part.0
                0x0010ee8c      0x110 /opt/devkitpro/libctru/lib/libctru.a(archive_dev.o)
 .text.archive_utf16path
                0x0010ef9c      0x298 /opt/devkitpro/libctru/lib/libctru.a(archive_dev.o)
 .text._archiveUnmountDeviceStruct.part.0
                0x0010f234       0x98 /opt/devkitpro/libctru/lib/libctru.a(archive_dev.o)
 .text._archiveMountDevice
                0x0010f2cc      0x178 /opt/devkitpro/libctru/lib/libctru.a(archive_dev.o)
 .text.archive_diropen
                0x0010f444       0xf8 /opt/devkitpro/libctru/lib/libctru.a(archive_dev.o)
 .text.archive_fstat
                0x0010f53c       0xac /opt/devkitpro/libctru/lib/libctru.a(archive_dev.o)
 .text.archive_fsync
                0x0010f5e8       0x74 /opt/devkitpro/libctru/lib/libctru.a(archive_dev.o)
 .text.archive_close
                0x0010f65c       0x74 /opt/devkitpro/libctru/lib/libctru.a(archive_dev.o)
 .text.archive_dirclose
                0x0010f6d0       0x78 /opt/devkitpro/libctru/lib/libctru.a(archive_dev.o)
 .text.sdmc_statvfs
                0x0010f748       0xec /opt/devkitpro/libctru/lib/libctru.a(archive_dev.o)
 .text.archive_chdir
                0x0010f834       0xf8 /opt/devkitpro/libctru/lib/libctru.a(archive_dev.o)
 .text.archive_ftruncate
                0x0010f92c       0x8c /opt/devkitpro/libctru/lib/libctru.a(archive_dev.o)
 .text.archive_read
                0x0010f9b8       0xbc /opt/devkitpro/libctru/lib/libctru.a(archive_dev.o)
 .text.archive_unlink
                0x0010fa74       0xa8 /opt/devkitpro/libctru/lib/libctru.a(archive_dev.o)
 .text.archive_rmdir
                0x0010fb1c       0xc0 /opt/devkitpro/libctru/lib/libctru.a(archive_dev.o)
 .text.archive_mkdir
                0x0010fbdc       0xd8 /opt/devkitpro/libctru/lib/libctru.a(archive_dev.o)
 .text.archive_stat
                0x0010fcb4      0x1a0 /opt/devkitpro/libctru/lib/libctru.a(archive_dev.o)
 .text.archive_dirnext
                0x0010fe54      0x164 /opt/devkitpro/libctru/lib/libctru.a(archive_dev.o)
 .text.archive_write
                0x0010ffb8      0x13c /opt/devkitpro/libctru/lib/libctru.a(archive_dev.o)
 *fill*         0x001100f4        0x4 
 .text.archive_open
                0x001100f8      0x254 /opt/devkitpro/libctru/lib/libctru.a(archive_dev.o)
 .text.archive_rename
                0x0011034c      0x270 /opt/devkitpro/libctru/lib/libctru.a(archive_dev.o)
 .text.archiveMountSdmc
                0x001105bc      0x1c8 /opt/devkitpro/libctru/lib/libctru.a(archive_dev.o)
                0x001105bc                archiveMountSdmc
 .text.archiveUnmountAll
                0x00110784       0x54 /opt/devkitpro/libctru/lib/libctru.a(archive_dev.o)
                0x00110784                archiveUnmountAll
 .text.fsInit   0x001107d8      0x104 /opt/devkitpro/libctru/lib/libctru.a(fs.o)
                0x001107d8                fsInit
 .text.fsExit   0x001108dc       0x3c /opt/devkitpro/libctru/lib/libctru.a(fs.o)
                0x001108dc                fsExit
 .text.fsExemptFromSession
                0x00110918       0x68 /opt/devkitpro/libctru/lib/libctru.a(fs.o)
                0x00110918                fsExemptFromSession
 .text.fsUnexemptFromSession
                0x00110980       0x50 /opt/devkitpro/libctru/lib/libctru.a(fs.o)
                0x00110980                fsUnexemptFromSession
 .text.FSUSER_OpenFile
                0x001109d0       0xcc /opt/devkitpro/libctru/lib/libctru.a(fs.o)
                0x001109d0                FSUSER_OpenFile
 .text.FSUSER_DeleteFile
                0x00110a9c       0xb8 /opt/devkitpro/libctru/lib/libctru.a(fs.o)
                0x00110a9c                FSUSER_DeleteFile
 .text.FSUSER_RenameFile
                0x00110b54       0xf4 /opt/devkitpro/libctru/lib/libctru.a(fs.o)
                0x00110b54                FSUSER_RenameFile
 .text.FSUSER_DeleteDirectory
                0x00110c48       0xb8 /opt/devkitpro/libctru/lib/libctru.a(fs.o)
                0x00110c48                FSUSER_DeleteDirectory
 .text.FSUSER_CreateFile
                0x00110d00       0xd0 /opt/devkitpro/libctru/lib/libctru.a(fs.o)
                0x00110d00                FSUSER_CreateFile
 .text.FSUSER_CreateDirectory
                0x00110dd0       0xc0 /opt/devkitpro/libctru/lib/libctru.a(fs.o)
                0x00110dd0                FSUSER_CreateDirectory
 .text.FSUSER_RenameDirectory
                0x00110e90       0xf4 /opt/devkitpro/libctru/lib/libctru.a(fs.o)
                0x00110e90                FSUSER_RenameDirectory
 .text.FSUSER_OpenDirectory
                0x00110f84       0xb4 /opt/devkitpro/libctru/lib/libctru.a(fs.o)
                0x00110f84                FSUSER_OpenDirectory
 .text.FSUSER_OpenArchive
                0x00111038       0x90 /opt/devkitpro/libctru/lib/libctru.a(fs.o)
                0x00111038                FSUSER_OpenArchive
 .text.FSUSER_CloseArchive
                0x001110c8       0x8c /opt/devkitpro/libctru/lib/libctru.a(fs.o)
                0x001110c8                FSUSER_CloseArchive
 .text.FSUSER_GetSdmcArchiveResource
                0x00111154       0x74 /opt/devkitpro/libctru/lib/libctru.a(fs.o)
                0x00111154                FSUSER_GetSdmcArchiveResource
 .text.FSUSER_IsSdmcWritable
                0x001111c8       0x64 /opt/devkitpro/libctru/lib/libctru.a(fs.o)
                0x001111c8                FSUSER_IsSdmcWritable
 .text.FSFILE_Read
                0x0011122c       0x64 /opt/devkitpro/libctru/lib/libctru.a(fs.o)
                0x0011122c                FSFILE_Read
 .text.FSFILE_Write
                0x00111290       0x6c /opt/devkitpro/libctru/lib/libctru.a(fs.o)
                0x00111290                FSFILE_Write
 .text.FSFILE_GetSize
                0x001112fc       0x44 /opt/devkitpro/libctru/lib/libctru.a(fs.o)
                0x001112fc                FSFILE_GetSize
 .text.FSFILE_SetSize
                0x00111340       0x28 /opt/devkitpro/libctru/lib/libctru.a(fs.o)
                0x00111340                FSFILE_SetSize
 .text.FSFILE_Close
                0x00111368       0x3c /opt/devkitpro/libctru/lib/libctru.a(fs.o)
                0x00111368                FSFILE_Close
 .text.FSFILE_Flush
                0x001113a4       0x24 /opt/devkitpro/libctru/lib/libctru.a(fs.o)
                0x001113a4                FSFILE_Flush
 .text.FSDIR_Read
                0x001113c8       0x60 /opt/devkitpro/libctru/lib/libctru.a(fs.o)
                0x001113c8                FSDIR_Read
 .text.FSDIR_Close
                0x00111428       0x3c /opt/devkitpro/libctru/lib/libctru.a(fs.o)
                0x00111428                FSDIR_Close
 .text.__aeabi_read_tp
                0x00111464        0xc /opt/devkitpro/libctru/lib/libctru.a(readtp.o)
                0x00111464                __aeabi_read_tp
 .text.__fixdfdi
                0x00111470       0x2c /opt/devkitpro/devkitARM/lib/gcc/arm-none-eabi/16.1.0/armv6k/fpu/libgcc.a(_fixdfdi.o)
                0x00111470                __aeabi_d2lz
                0x00111470                __fixdfdi
 *fill*         0x0011149c        0x4 
 .text.__fixunsdfdi
                0x001114a0       0x40 /opt/devkitpro/devkitARM/lib/gcc/arm-none-eabi/16.1.0/armv6k/fpu/libgcc.a(_fixunsdfdi.o)
                0x001114a0                __aeabi_d2ulz
                0x001114a0                __fixunsdfdi
 .text.__udivmoddi4
                0x001114e0      0x130 /opt/devkitpro/devkitARM/lib/gcc/arm-none-eabi/16.1.0/armv6k/fpu/libgcc.a(_udivmoddi4.o)
                0x001114e0                __udivmoddi4
 .text.strncat  0x00111610       0xe4 /opt/devkitpro/devkitARM/lib/gcc/arm-none-eabi/16.1.0/../../../../arm-none-eabi/lib/armv6k/fpu/libg.a(libc_a-strncat.o)
                0x00111610                strncat
 .text.sscanf   0x001116f4       0x78 /opt/devkitpro/devkitARM/lib/gcc/arm-none-eabi/16.1.0/../../../../arm-none-eabi/lib/armv6k/fpu/libg.a(libc_a-sscanf.o)
                0x001116f4                sscanf
 .text.memcpy   0x0011176c      0x128 /opt/devkitpro/devkitARM/lib/gcc/arm-none-eabi/16.1.0/../../../../arm-none-eabi/lib/armv6k/fpu/libg.a(libc_a-memcpy-stub.o)
                0x0011176c                memcpy
 .text.strlen   0x00111894       0x8c /opt/devkitpro/devkitARM/lib/gcc/arm-none-eabi/16.1.0/../../../../arm-none-eabi/lib/armv6k/fpu/libg.a(libc_a-strlen.o)
                0x00111894                strlen
 .text.bsearch  0x00111920       0x78 /opt/devkitpro/devkitARM/lib/gcc/arm-none-eabi/16.1.0/../../../../arm-none-eabi/lib/armv6k/fpu/libg.a(libc_a-bsearch.o)
                0x00111920                bsearch
 .text.get_arg  0x00111998       0x50 /opt/devkitpro/devkitARM/lib/gcc/arm-none-eabi/16.1.0/../../../../arm-none-eabi/lib/armv6k/fpu/libg.a(libc_a-svfscanf.o)
 .text.__ssvfscanf_r
                0x001119e8     0x2b88 /opt/devkitpro/devkitARM/lib/gcc/arm-none-eabi/16.1.0/../../../../arm-none-eabi/lib/armv6k/fpu/libg.a(libc_a-svfscanf.o)
                0x001119e8                __ssvfscanf_r
 .text.sulp     0x00114570       0x60 /opt/devkitpro/devkitARM/lib/gcc/arm-none-eabi/16.1.0/../../../../arm-none-eabi/lib/armv6k/fpu/libg.a(libc_a-strtod.o)
 .text._strtod_l
                0x001145d0     0x1428 /opt/devkitpro/devkitARM/lib/gcc/arm-none-eabi/16.1.0/../../../../arm-none-eabi/lib/armv6k/fpu/libg.a(libc_a-strtod.o)
                0x001145d0                _strtod_l
 .text._strtod_r
                0x001159f8       0x44 /opt/devkitpro/devkitARM/lib/gcc/arm-none-eabi/16.1.0/../../../../arm-none-eabi/lib/armv6k/fpu/libg.a(libc_a-strtod.o)
                0x001159f8                _strtod_r
 .text.memalign
                0x00115a3c       0x28 /opt/devkitpro/devkitARM/lib/gcc/arm-none-eabi/16.1.0/../../../../arm-none-eabi/lib/armv6k/fpu/libg.a(libc_a-malign.o)
                0x00115a3c                memalign
 .text._strtoull_l.isra.0
                0x00115a64      0x264 /opt/devkitpro/devkitARM/lib/gcc/arm-none-eabi/16.1.0/../../../../arm-none-eabi/lib/armv6k/fpu/libg.a(libc_a-strtoull.o)
 .text._strtoull_r
                0x00115cc8       0x38 /opt/devkitpro/devkitARM/lib/gcc/arm-none-eabi/16.1.0/../../../../arm-none-eabi/lib/armv6k/fpu/libg.a(libc_a-strtoull.o)
                0x00115cc8                _strtoull_r
 .text.rshift   0x00115d00       0xf4 /opt/devkitpro/devkitARM/lib/gcc/arm-none-eabi/16.1.0/../../../../arm-none-eabi/lib/armv6k/fpu/libg.a(libc_a-gdtoa-gethex.o)
 .text.__gethex
                0x00115df4      0x8b4 /opt/devkitpro/devkitARM/lib/gcc/arm-none-eabi/16.1.0/../../../../arm-none-eabi/lib/armv6k/fpu/libg.a(libc_a-gdtoa-gethex.o)
                0x00115df4                __gethex
 .text.snprintf
                0x001166a8       0xa0 /opt/devkitpro/devkitARM/lib/gcc/arm-none-eabi/16.1.0/../../../../arm-none-eabi/lib/armv6k/fpu/libg.a(libc_a-snprintf.o)
                0x001166a8                snprintf
 .text.printf   0x00116748       0x34 /opt/devkitpro/devkitARM/lib/gcc/arm-none-eabi/16.1.0/../../../../arm-none-eabi/lib/armv6k/fpu/libg.a(libc_a-printf.o)
                0x00116748                printf
 .text._strtoul_l.isra.0
                0x0011677c      0x1ec /opt/devkitpro/devkitARM/lib/gcc/arm-none-eabi/16.1.0/../../../../arm-none-eabi/lib/armv6k/fpu/libg.a(libc_a-strtoul.o)
 .text._strtoul_r
                0x00116968       0x38 /opt/devkitpro/devkitARM/lib/gcc/arm-none-eabi/16.1.0/../../../../arm-none-eabi/lib/armv6k/fpu/libg.a(libc_a-strtoul.o)
                0x00116968                _strtoul_r
 .text.strtoul  0x001169a0       0x3c /opt/devkitpro/devkitARM/lib/gcc/arm-none-eabi/16.1.0/../../../../arm-none-eabi/lib/armv6k/fpu/libg.a(libc_a-strtoul.o)
                0x001169a0                strtoul
 .text._mbrtowc_r
                0x001169dc       0xc4 /opt/devkitpro/devkitARM/lib/gcc/arm-none-eabi/16.1.0/../../../../arm-none-eabi/lib/armv6k/fpu/libg.a(libc_a-mbrtowc.o)
                0x001169dc                _mbrtowc_r
 .text.calloc   0x00116aa0       0x28 /opt/devkitpro/devkitARM/lib/gcc/arm-none-eabi/16.1.0/../../../../arm-none-eabi/lib/armv6k/fpu/libg.a(libc_a-calloc.o)
                0x00116aa0                calloc
 .text.__sccl   0x00116ac8       0xf8 /opt/devkitpro/devkitARM/lib/gcc/arm-none-eabi/16.1.0/../../../../arm-none-eabi/lib/armv6k/fpu/libg.a(libc_a-sccl.o)
                0x00116ac8                __sccl
 .text._memalign_r
                0x00116bc0      0x16c /opt/devkitpro/devkitARM/lib/gcc/arm-none-eabi/16.1.0/../../../../arm-none-eabi/lib/armv6k/fpu/libg.a(libc_a-malignr.o)
                0x00116bc0                _memalign_r
 .text.__errno  0x00116d2c        0xc /opt/devkitpro/devkitARM/lib/gcc/arm-none-eabi/16.1.0/../../../../arm-none-eabi/lib/armv6k/fpu/libg.a(libc_a-errno.o)
                0x00116d2c                __errno
 .text._strtoll_l.isra.0
                0x00116d38      0x47c /opt/devkitpro/devkitARM/lib/gcc/arm-none-eabi/16.1.0/../../../../arm-none-eabi/lib/armv6k/fpu/libg.a(libc_a-strtoll.o)
 .text._strtoll_r
                0x001171b4       0x38 /opt/devkitpro/devkitARM/lib/gcc/arm-none-eabi/16.1.0/../../../../arm-none-eabi/lib/armv6k/fpu/libg.a(libc_a-strtoll.o)
                0x001171b4                _strtoll_r
 .text.__locale_mb_cur_max
                0x001171ec       0x24 /opt/devkitpro/devkitARM/lib/gcc/arm-none-eabi/16.1.0/../../../../arm-none-eabi/lib/armv6k/fpu/libg.a(libc_a-locale.o)
                0x001171ec                __locale_mb_cur_max
 .text.memset   0x00117210       0xe4 /opt/devkitpro/devkitARM/lib/gcc/arm-none-eabi/16.1.0/../../../../arm-none-eabi/lib/armv6k/fpu/libg.a(libc_a-memset.o)
                0x00117210                memset
 .text._calloc_r
                0x001172f4       0xd8 /opt/devkitpro/devkitARM/lib/gcc/arm-none-eabi/16.1.0/../../../../arm-none-eabi/lib/armv6k/fpu/libg.a(libc_a-callocr.o)
                0x001172f4                _calloc_r
 .text.__sflush_r
                0x001173cc      0x22c /opt/devkitpro/devkitARM/lib/gcc/arm-none-eabi/16.1.0/../../../../arm-none-eabi/lib/armv6k/fpu/libg.a(libc_a-fflush.o)
                0x001173cc                __sflush_r
 .text._fflush_r
                0x001175f8       0xc4 /opt/devkitpro/devkitARM/lib/gcc/arm-none-eabi/16.1.0/../../../../arm-none-eabi/lib/armv6k/fpu/libg.a(libc_a-fflush.o)
                0x001175f8                _fflush_r
 .text.realloc  0x001176bc       0x28 /opt/devkitpro/devkitARM/lib/gcc/arm-none-eabi/16.1.0/../../../../arm-none-eabi/lib/armv6k/fpu/libg.a(libc_a-realloc.o)
                0x001176bc                realloc
 .text._malloc_r
                0x001176e4      0x82c /opt/devkitpro/devkitARM/lib/gcc/arm-none-eabi/16.1.0/../../../../arm-none-eabi/lib/armv6k/fpu/libg.a(libc_a-mallocr.o)
                0x001176e4                _malloc_r
 .text._malloc_trim_r
                0x00117f10      0x114 /opt/devkitpro/devkitARM/lib/gcc/arm-none-eabi/16.1.0/../../../../arm-none-eabi/lib/armv6k/fpu/libg.a(libc_a-freer.o)
                0x00117f10                _malloc_trim_r
 .text._free_r  0x00118024      0x314 /opt/devkitpro/devkitARM/lib/gcc/arm-none-eabi/16.1.0/../../../../arm-none-eabi/lib/armv6k/fpu/libg.a(libc_a-freer.o)
                0x00118024                _free_r
 .text.setvbuf  0x00118338      0x294 /opt/devkitpro/devkitARM/lib/gcc/arm-none-eabi/16.1.0/../../../../arm-none-eabi/lib/armv6k/fpu/libg.a(libc_a-setvbuf.o)
                0x00118338                setvbuf
 .text._sungetc_r
                0x001185cc       0xe4 /opt/devkitpro/devkitARM/lib/gcc/arm-none-eabi/16.1.0/../../../../arm-none-eabi/lib/armv6k/fpu/libg.a(libc_a-svfiscanf.o)
                0x001185cc                _sungetc_r
 .text.__ssrefill_r
                0x001186b0       0x6c /opt/devkitpro/devkitARM/lib/gcc/arm-none-eabi/16.1.0/../../../../arm-none-eabi/lib/armv6k/fpu/libg.a(libc_a-svfiscanf.o)
                0x001186b0                __ssrefill_r
 .text._sfread_r
                0x0011871c       0xb4 /opt/devkitpro/devkitARM/lib/gcc/arm-none-eabi/16.1.0/../../../../arm-none-eabi/lib/armv6k/fpu/libg.a(libc_a-svfiscanf.o)
                0x0011871c                _sfread_r
 .text.stdio_exit_handler
                0x001187d0       0x1c /opt/devkitpro/devkitARM/lib/gcc/arm-none-eabi/16.1.0/../../../../arm-none-eabi/lib/armv6k/fpu/libg.a(libc_a-findfp.o)
 .text.cleanup_stdio
                0x001187ec       0x5c /opt/devkitpro/devkitARM/lib/gcc/arm-none-eabi/16.1.0/../../../../arm-none-eabi/lib/armv6k/fpu/libg.a(libc_a-findfp.o)
 .text.global_stdio_init.part.0
                0x00118848      0x154 /opt/devkitpro/devkitARM/lib/gcc/arm-none-eabi/16.1.0/../../../../arm-none-eabi/lib/armv6k/fpu/libg.a(libc_a-findfp.o)
 .text.__sinit  0x0011899c       0x5c /opt/devkitpro/devkitARM/lib/gcc/arm-none-eabi/16.1.0/../../../../arm-none-eabi/lib/armv6k/fpu/libg.a(libc_a-findfp.o)
                0x0011899c                __sinit
 .text.__sfp_lock_acquire
                0x001189f8        0xc /opt/devkitpro/devkitARM/lib/gcc/arm-none-eabi/16.1.0/../../../../arm-none-eabi/lib/armv6k/fpu/libg.a(libc_a-findfp.o)
                0x001189f8                __sfp_lock_acquire
 .text.__sfp_lock_release
                0x00118a04        0xc /opt/devkitpro/devkitARM/lib/gcc/arm-none-eabi/16.1.0/../../../../arm-none-eabi/lib/armv6k/fpu/libg.a(libc_a-findfp.o)
                0x00118a04                __sfp_lock_release
 .text._strtol_l.part.0
                0x00118a10      0x384 /opt/devkitpro/devkitARM/lib/gcc/arm-none-eabi/16.1.0/../../../../arm-none-eabi/lib/armv6k/fpu/libg.a(libc_a-strtol.o)
 .text._strtol_r
                0x00118d94       0x6c /opt/devkitpro/devkitARM/lib/gcc/arm-none-eabi/16.1.0/../../../../arm-none-eabi/lib/armv6k/fpu/libg.a(libc_a-strtol.o)
                0x00118d94                _strtol_r
 .text.__libc_init_array
                0x00118e00       0x84 /opt/devkitpro/devkitARM/lib/gcc/arm-none-eabi/16.1.0/../../../../arm-none-eabi/lib/armv6k/fpu/libg.a(libc_a-init.o)
                0x00118e00                __libc_init_array
 .text.strncpy  0x00118e84       0xd4 /opt/devkitpro/devkitARM/lib/gcc/arm-none-eabi/16.1.0/../../../../arm-none-eabi/lib/armv6k/fpu/libg.a(libc_a-strncpy.o)
                0x00118e84                strncpy
 .text.malloc   0x00118f58       0x40 /opt/devkitpro/devkitARM/lib/gcc/arm-none-eabi/16.1.0/../../../../arm-none-eabi/lib/armv6k/fpu/libg.a(libc_a-malloc.o)
                0x00118f58                malloc
 .text.free     0x00118f98       0x20 /opt/devkitpro/devkitARM/lib/gcc/arm-none-eabi/16.1.0/../../../../arm-none-eabi/lib/armv6k/fpu/libg.a(libc_a-malloc.o)
                0x00118f98                free
 .text._puts_r  0x00118fb8       0xe0 /opt/devkitpro/devkitARM/lib/gcc/arm-none-eabi/16.1.0/../../../../arm-none-eabi/lib/armv6k/fpu/libg.a(libc_a-puts.o)
                0x00118fb8                _puts_r
 .text.puts     0x00119098       0x20 /opt/devkitpro/devkitARM/lib/gcc/arm-none-eabi/16.1.0/../../../../arm-none-eabi/lib/armv6k/fpu/libg.a(libc_a-puts.o)
                0x00119098                puts
 .text._localeconv_r
                0x001190b8       0x24 /opt/devkitpro/devkitARM/lib/gcc/arm-none-eabi/16.1.0/../../../../arm-none-eabi/lib/armv6k/fpu/libg.a(libc_a-localeconv.o)
                0x001190b8                _localeconv_r
 .text.__sread  0x001190dc       0x44 /opt/devkitpro/devkitARM/lib/gcc/arm-none-eabi/16.1.0/../../../../arm-none-eabi/lib/armv6k/fpu/libg.a(libc_a-stdio.o)
                0x001190dc                __sread
 .text.__seofread
                0x00119120        0x8 /opt/devkitpro/devkitARM/lib/gcc/arm-none-eabi/16.1.0/../../../../arm-none-eabi/lib/armv6k/fpu/libg.a(libc_a-stdio.o)
                0x00119120                __seofread
 .text.__swrite
                0x00119128       0x68 /opt/devkitpro/devkitARM/lib/gcc/arm-none-eabi/16.1.0/../../../../arm-none-eabi/lib/armv6k/fpu/libg.a(libc_a-stdio.o)
                0x00119128                __swrite
 .text.__sseek  0x00119190       0x40 /opt/devkitpro/devkitARM/lib/gcc/arm-none-eabi/16.1.0/../../../../arm-none-eabi/lib/armv6k/fpu/libg.a(libc_a-stdio.o)
                0x00119190                __sseek
 .text.__sclose
                0x001191d0        0x8 /opt/devkitpro/devkitARM/lib/gcc/arm-none-eabi/16.1.0/../../../../arm-none-eabi/lib/armv6k/fpu/libg.a(libc_a-stdio.o)
                0x001191d0                __sclose
 .text._realloc_r
                0x001191d8      0x4f0 /opt/devkitpro/devkitARM/lib/gcc/arm-none-eabi/16.1.0/../../../../arm-none-eabi/lib/armv6k/fpu/libg.a(libc_a-reallocr.o)
                0x001191d8                _realloc_r
 .text.__malloc_lock
                0x001196c8        0xc /opt/devkitpro/devkitARM/lib/gcc/arm-none-eabi/16.1.0/../../../../arm-none-eabi/lib/armv6k/fpu/libg.a(libc_a-mlock.o)
                0x001196c8                __malloc_lock
 .text.__malloc_unlock
                0x001196d4        0xc /opt/devkitpro/devkitARM/lib/gcc/arm-none-eabi/16.1.0/../../../../arm-none-eabi/lib/armv6k/fpu/libg.a(libc_a-mlock.o)
                0x001196d4                __malloc_unlock
 .text._fclose_r
                0x001196e0      0x148 /opt/devkitpro/devkitARM/lib/gcc/arm-none-eabi/16.1.0/../../../../arm-none-eabi/lib/armv6k/fpu/libg.a(libc_a-fclose.o)
                0x001196e0                _fclose_r
 .text.__call_exitprocs
                0x00119828        0x4 /opt/devkitpro/devkitARM/lib/gcc/arm-none-eabi/16.1.0/../../../../arm-none-eabi/lib/armv6k/fpu/libg.a(libc_a-exit.o)
                0x00119828                __call_exitprocs
 .text.exit     0x0011982c       0x30 /opt/devkitpro/devkitARM/lib/gcc/arm-none-eabi/16.1.0/../../../../arm-none-eabi/lib/armv6k/fpu/libg.a(libc_a-exit.o)
                0x0011982c                exit
 .text.get_arg  0x0011985c      0x5e0 /opt/devkitpro/devkitARM/lib/gcc/arm-none-eabi/16.1.0/../../../../arm-none-eabi/lib/armv6k/fpu/libg.a(libc_a-svfprintf.o)
 *fill*         0x00119e3c        0x4 
 .text._svfprintf_r
                0x00119e40     0x345c /opt/devkitpro/devkitARM/lib/gcc/arm-none-eabi/16.1.0/../../../../arm-none-eabi/lib/armv6k/fpu/libg.a(libc_a-svfprintf.o)
                0x00119e40                _svfprintf_r
 .text.__utf8_wctomb
                0x0011d29c       0xf8 /opt/devkitpro/devkitARM/lib/gcc/arm-none-eabi/16.1.0/../../../../arm-none-eabi/lib/armv6k/fpu/libg.a(libc_a-wctomb_r.o)
                0x0011d29c                __utf8_wctomb
 .text.__libc_fini_array
                0x0011d394       0x3c /opt/devkitpro/devkitARM/lib/gcc/arm-none-eabi/16.1.0/../../../../arm-none-eabi/lib/armv6k/fpu/libg.a(libc_a-fini.o)
                0x0011d394                __libc_fini_array
 .text.strnlen  0x0011d3d0       0x3c /opt/devkitpro/devkitARM/lib/gcc/arm-none-eabi/16.1.0/../../../../arm-none-eabi/lib/armv6k/fpu/libg.a(libc_a-strnlen.o)
                0x0011d3d0                strnlen
 .text.strncmp  0x0011d40c       0xd8 /opt/devkitpro/devkitARM/lib/gcc/arm-none-eabi/16.1.0/../../../../arm-none-eabi/lib/armv6k/fpu/libg.a(libc_a-strncmp.o)
                0x0011d40c                strncmp
 .text.__match  0x0011d4e4       0x70 /opt/devkitpro/devkitARM/lib/gcc/arm-none-eabi/16.1.0/../../../../arm-none-eabi/lib/armv6k/fpu/libg.a(libc_a-gdtoa-hexnan.o)
                0x0011d4e4                __match
 .text.__hexnan
                0x0011d554      0x2a8 /opt/devkitpro/devkitARM/lib/gcc/arm-none-eabi/16.1.0/../../../../arm-none-eabi/lib/armv6k/fpu/libg.a(libc_a-gdtoa-hexnan.o)
                0x0011d554                __hexnan
 .text.sprintf  0x0011d7fc       0x68 /opt/devkitpro/devkitARM/lib/gcc/arm-none-eabi/16.1.0/../../../../arm-none-eabi/lib/armv6k/fpu/libg.a(libc_a-sprintf.o)
                0x0011d7fc                sprintf
 *fill*         0x0011d864        0x4 
 .text.nan      0x0011d868       0x10 /opt/devkitpro/devkitARM/lib/gcc/arm-none-eabi/16.1.0/../../../../arm-none-eabi/lib/armv6k/fpu/libg.a(libm_a-s_nan.o)
                0x0011d868                nan
 .text.nanf     0x0011d878        0xc /opt/devkitpro/devkitARM/lib/gcc/arm-none-eabi/16.1.0/../../../../arm-none-eabi/lib/armv6k/fpu/libg.a(libm_a-sf_nan.o)
                0x0011d878                nanf
 *fill*         0x0011d884        0x4 
 .text.frexp    0x0011d888       0x88 /opt/devkitpro/devkitARM/lib/gcc/arm-none-eabi/16.1.0/../../../../arm-none-eabi/lib/armv6k/fpu/libg.a(libm_a-s_frexp.o)
                0x0011d888                frexp
 .text.stpncpy  0x0011d910       0xdc /opt/devkitpro/devkitARM/lib/gcc/arm-none-eabi/16.1.0/../../../../arm-none-eabi/lib/armv6k/fpu/libg.a(libc_a-stpncpy.o)
                0x0011d910                stpncpy
 .text.__assert_func
                0x0011d9ec       0x5c /opt/devkitpro/devkitARM/lib/gcc/arm-none-eabi/16.1.0/../../../../arm-none-eabi/lib/armv6k/fpu/libg.a(libc_a-assert.o)
                0x0011d9ec                __assert_func
 .text.iswspace
                0x0011da48        0x8 /opt/devkitpro/devkitARM/lib/gcc/arm-none-eabi/16.1.0/../../../../arm-none-eabi/lib/armv6k/fpu/libg.a(libc_a-iswspace.o)
                0x0011da48                iswspace
 .text._Balloc  0x0011da50       0x88 /opt/devkitpro/devkitARM/lib/gcc/arm-none-eabi/16.1.0/../../../../arm-none-eabi/lib/armv6k/fpu/libg.a(libc_a-mprec.o)
                0x0011da50                _Balloc
 .text._Bfree   0x0011dad8       0x1c /opt/devkitpro/devkitARM/lib/gcc/arm-none-eabi/16.1.0/../../../../arm-none-eabi/lib/armv6k/fpu/libg.a(libc_a-mprec.o)
                0x0011dad8                _Bfree
 .text.__multadd
                0x0011daf4       0xf4 /opt/devkitpro/devkitARM/lib/gcc/arm-none-eabi/16.1.0/../../../../arm-none-eabi/lib/armv6k/fpu/libg.a(libc_a-mprec.o)
                0x0011daf4                __multadd
 .text.__s2b    0x0011dbe8      0x10c /opt/devkitpro/devkitARM/lib/gcc/arm-none-eabi/16.1.0/../../../../arm-none-eabi/lib/armv6k/fpu/libg.a(libc_a-mprec.o)
                0x0011dbe8                __s2b
 .text.__hi0bits
                0x0011dcf4       0x80 /opt/devkitpro/devkitARM/lib/gcc/arm-none-eabi/16.1.0/../../../../arm-none-eabi/lib/armv6k/fpu/libg.a(libc_a-mprec.o)
                0x0011dcf4                __hi0bits
 .text.__lo0bits
                0x0011dd74       0xf0 /opt/devkitpro/devkitARM/lib/gcc/arm-none-eabi/16.1.0/../../../../arm-none-eabi/lib/armv6k/fpu/libg.a(libc_a-mprec.o)
                0x0011dd74                __lo0bits
 .text.__i2b    0x0011de64       0xa4 /opt/devkitpro/devkitARM/lib/gcc/arm-none-eabi/16.1.0/../../../../arm-none-eabi/lib/armv6k/fpu/libg.a(libc_a-mprec.o)
                0x0011de64                __i2b
 .text.__multiply
                0x0011df08      0x230 /opt/devkitpro/devkitARM/lib/gcc/arm-none-eabi/16.1.0/../../../../arm-none-eabi/lib/armv6k/fpu/libg.a(libc_a-mprec.o)
                0x0011df08                __multiply
 .text.__pow5mult
                0x0011e138      0x130 /opt/devkitpro/devkitARM/lib/gcc/arm-none-eabi/16.1.0/../../../../arm-none-eabi/lib/armv6k/fpu/libg.a(libc_a-mprec.o)
                0x0011e138                __pow5mult
 .text.__lshift
                0x0011e268      0x138 /opt/devkitpro/devkitARM/lib/gcc/arm-none-eabi/16.1.0/../../../../arm-none-eabi/lib/armv6k/fpu/libg.a(libc_a-mprec.o)
                0x0011e268                __lshift
 .text.__mcmp   0x0011e3a0       0x58 /opt/devkitpro/devkitARM/lib/gcc/arm-none-eabi/16.1.0/../../../../arm-none-eabi/lib/armv6k/fpu/libg.a(libc_a-mprec.o)
                0x0011e3a0                __mcmp
 .text.__mdiff  0x0011e3f8      0x218 /opt/devkitpro/devkitARM/lib/gcc/arm-none-eabi/16.1.0/../../../../arm-none-eabi/lib/armv6k/fpu/libg.a(libc_a-mprec.o)
                0x0011e3f8                __mdiff
 .text.__ulp    0x0011e610       0x68 /opt/devkitpro/devkitARM/lib/gcc/arm-none-eabi/16.1.0/../../../../arm-none-eabi/lib/armv6k/fpu/libg.a(libc_a-mprec.o)
                0x0011e610                __ulp
 .text.__b2d    0x0011e678       0xd4 /opt/devkitpro/devkitARM/lib/gcc/arm-none-eabi/16.1.0/../../../../arm-none-eabi/lib/armv6k/fpu/libg.a(libc_a-mprec.o)
                0x0011e678                __b2d
 .text.__d2b    0x0011e74c      0x120 /opt/devkitpro/devkitARM/lib/gcc/arm-none-eabi/16.1.0/../../../../arm-none-eabi/lib/armv6k/fpu/libg.a(libc_a-mprec.o)
                0x0011e74c                __d2b
 .text.__ratio  0x0011e86c       0x78 /opt/devkitpro/devkitARM/lib/gcc/arm-none-eabi/16.1.0/../../../../arm-none-eabi/lib/armv6k/fpu/libg.a(libc_a-mprec.o)
                0x0011e86c                __ratio
 .text.__copybits
                0x0011e8e4       0x8c /opt/devkitpro/devkitARM/lib/gcc/arm-none-eabi/16.1.0/../../../../arm-none-eabi/lib/armv6k/fpu/libg.a(libc_a-mprec.o)
                0x0011e8e4                __copybits
 .text.__any_on
                0x0011e970       0x5c /opt/devkitpro/devkitARM/lib/gcc/arm-none-eabi/16.1.0/../../../../arm-none-eabi/lib/armv6k/fpu/libg.a(libc_a-mprec.o)
                0x0011e970                __any_on
 .text._fwalk_sglue
                0x0011e9cc       0x70 /opt/devkitpro/devkitARM/lib/gcc/arm-none-eabi/16.1.0/../../../../arm-none-eabi/lib/armv6k/fpu/libg.a(libc_a-fwalk.o)
                0x0011e9cc                _fwalk_sglue
 .text.get_arg  0x0011ea3c      0x5e0 /opt/devkitpro/devkitARM/lib/gcc/arm-none-eabi/16.1.0/../../../../arm-none-eabi/lib/armv6k/fpu/libg.a(libc_a-vfprintf.o)
 *fill*         0x0011f01c        0x4 
 .text._vfprintf_r
                0x0011f020     0x3554 /opt/devkitpro/devkitARM/lib/gcc/arm-none-eabi/16.1.0/../../../../arm-none-eabi/lib/armv6k/fpu/libg.a(libc_a-vfprintf.o)
                0x0011f020                _vfprintf_r
 .text.__sbprintf
                0x00122574       0xb4 /opt/devkitpro/devkitARM/lib/gcc/arm-none-eabi/16.1.0/../../../../arm-none-eabi/lib/armv6k/fpu/libg.a(libc_a-vfprintf.o)
 .text._wcrtomb_r
                0x00122628       0xa0 /opt/devkitpro/devkitARM/lib/gcc/arm-none-eabi/16.1.0/../../../../arm-none-eabi/lib/armv6k/fpu/libg.a(libc_a-wcrtomb.o)
                0x00122628                _wcrtomb_r
 .text.__submore
                0x001226c8       0xb8 /opt/devkitpro/devkitARM/lib/gcc/arm-none-eabi/16.1.0/../../../../arm-none-eabi/lib/armv6k/fpu/libg.a(libc_a-ungetc.o)
                0x001226c8                __submore
 .text.__ssprint_r
                0x00122780       0xa4 /opt/devkitpro/devkitARM/lib/gcc/arm-none-eabi/16.1.0/../../../../arm-none-eabi/lib/armv6k/fpu/libg.a(libc_a-ssprint_r.o)
                0x00122780                __ssprint_r
 .text.__utf8_mbtowc
                0x00122824      0x340 /opt/devkitpro/devkitARM/lib/gcc/arm-none-eabi/16.1.0/../../../../arm-none-eabi/lib/armv6k/fpu/libg.a(libc_a-mbtowc_r.o)
                0x00122824                __utf8_mbtowc
 .text.fiprintf
                0x00122b64       0x3c /opt/devkitpro/devkitARM/lib/gcc/arm-none-eabi/16.1.0/../../../../arm-none-eabi/lib/armv6k/fpu/libg.a(libc_a-fiprintf.o)
                0x00122b64                fiprintf
 .text.__sfvwrite_r
                0x00122ba0      0x4a4 /opt/devkitpro/devkitARM/lib/gcc/arm-none-eabi/16.1.0/../../../../arm-none-eabi/lib/armv6k/fpu/libg.a(libc_a-fvwrite.o)
                0x00122ba0                __sfvwrite_r
 .text.strchr   0x00123044      0x140 /opt/devkitpro/devkitARM/lib/gcc/arm-none-eabi/16.1.0/../../../../arm-none-eabi/lib/armv6k/fpu/libg.a(libc_a-strchr.o)
                0x00123044                strchr
 .text.abort    0x00123184       0x14 /opt/devkitpro/devkitARM/lib/gcc/arm-none-eabi/16.1.0/../../../../arm-none-eabi/lib/armv6k/fpu/libg.a(libc_a-abort.o)
                0x00123184                abort
 .text.__smakebuf_r
                0x00123198      0x164 /opt/devkitpro/devkitARM/lib/gcc/arm-none-eabi/16.1.0/../../../../arm-none-eabi/lib/armv6k/fpu/libg.a(libc_a-makebuf.o)
                0x00123198                __smakebuf_r
 .text.__swhatbuf_r
                0x001232fc       0x90 /opt/devkitpro/devkitARM/lib/gcc/arm-none-eabi/16.1.0/../../../../arm-none-eabi/lib/armv6k/fpu/libg.a(libc_a-makebuf.o)
                0x001232fc                __swhatbuf_r
 .text.__sprint_r
                0x0012338c       0x30 /opt/devkitpro/devkitARM/lib/gcc/arm-none-eabi/16.1.0/../../../../arm-none-eabi/lib/armv6k/fpu/libg.a(libc_a-sprint_r.o)
                0x0012338c                __sprint_r
 .text.quorem   0x001233bc      0x1c0 /opt/devkitpro/devkitARM/lib/gcc/arm-none-eabi/16.1.0/../../../../arm-none-eabi/lib/armv6k/fpu/libg.a(libc_a-dtoa.o)
 *fill*         0x0012357c        0x4 
 .text._dtoa_r  0x00123580     0x1420 /opt/devkitpro/devkitARM/lib/gcc/arm-none-eabi/16.1.0/../../../../arm-none-eabi/lib/armv6k/fpu/libg.a(libc_a-dtoa.o)
                0x00123580                _dtoa_r
 .text.memchr   0x001249a0       0xe8 /opt/devkitpro/devkitARM/lib/gcc/arm-none-eabi/16.1.0/../../../../arm-none-eabi/lib/armv6k/fpu/libg.a(libc_a-memchr-stub.o)
                0x001249a0                memchr
 .text._wcsrtombs_r
                0x00124a88       0x28 /opt/devkitpro/devkitARM/lib/gcc/arm-none-eabi/16.1.0/../../../../arm-none-eabi/lib/armv6k/fpu/libg.a(libc_a-wcsrtombs.o)
                0x00124a88                _wcsrtombs_r
 .text.__swsetup_r
                0x00124ab0      0x140 /opt/devkitpro/devkitARM/lib/gcc/arm-none-eabi/16.1.0/../../../../arm-none-eabi/lib/armv6k/fpu/libg.a(libc_a-wsetup.o)
                0x00124ab0                __swsetup_r
 .text.memmove  0x00124bf0      0x1a8 /opt/devkitpro/devkitARM/lib/gcc/arm-none-eabi/16.1.0/../../../../arm-none-eabi/lib/armv6k/fpu/libg.a(libc_a-memmove.o)
                0x00124bf0                memmove
 .text.iswspace_l
                0x00124d98       0x38 /opt/devkitpro/devkitARM/lib/gcc/arm-none-eabi/16.1.0/../../../../arm-none-eabi/lib/armv6k/fpu/libg.a(libc_a-iswspace_l.o)
                0x00124d98                iswspace_l
 .text.__ssputs_r
                0x00124dd0      0x12c /opt/devkitpro/devkitARM/lib/gcc/arm-none-eabi/16.1.0/../../../../arm-none-eabi/lib/armv6k/fpu/libg.a(libc_a-ssputs_r.o)
                0x00124dd0                __ssputs_r
 .text.get_arg  0x00124efc      0x5e0 /opt/devkitpro/devkitARM/lib/gcc/arm-none-eabi/16.1.0/../../../../arm-none-eabi/lib/armv6k/fpu/libg.a(libc_a-vfiprintf.o)
 .text._vfiprintf_r
                0x001254dc     0x22f8 /opt/devkitpro/devkitARM/lib/gcc/arm-none-eabi/16.1.0/../../../../arm-none-eabi/lib/armv6k/fpu/libg.a(libc_a-vfiprintf.o)
                0x001254dc                _vfiprintf_r
 .text.__sbprintf
                0x001277d4       0xb4 /opt/devkitpro/devkitARM/lib/gcc/arm-none-eabi/16.1.0/../../../../arm-none-eabi/lib/armv6k/fpu/libg.a(libc_a-vfiprintf.o)
 .text._wcsnrtombs_l
                0x00127888      0x15c /opt/devkitpro/devkitARM/lib/gcc/arm-none-eabi/16.1.0/../../../../arm-none-eabi/lib/armv6k/fpu/libg.a(libc_a-wcsnrtombs.o)
                0x00127888                _wcsnrtombs_l
 .text._wcsnrtombs_r
                0x001279e4       0x64 /opt/devkitpro/devkitARM/lib/gcc/arm-none-eabi/16.1.0/../../../../arm-none-eabi/lib/armv6k/fpu/libg.a(libc_a-wcsnrtombs.o)
                0x001279e4                _wcsnrtombs_r
 .text._raise_r
                0x00127a48       0x9c /opt/devkitpro/devkitARM/lib/gcc/arm-none-eabi/16.1.0/../../../../arm-none-eabi/lib/armv6k/fpu/libg.a(libc_a-signal.o)
                0x00127a48                _raise_r
 .text.raise    0x00127ae4       0x20 /opt/devkitpro/devkitARM/lib/gcc/arm-none-eabi/16.1.0/../../../../arm-none-eabi/lib/armv6k/fpu/libg.a(libc_a-signal.o)
                0x00127ae4                raise
 .text.category
                0x00127b04       0x90 /opt/devkitpro/devkitARM/lib/gcc/arm-none-eabi/16.1.0/../../../../arm-none-eabi/lib/armv6k/fpu/libg.a(libc_a-categories.o)
                0x00127b04                category
 .text._exit    0x00127b94       0x20 /opt/devkitpro/devkitARM/lib/gcc/arm-none-eabi/16.1.0/../../../../arm-none-eabi/lib/armv6k/fpu/libsysbase.a(libsysbase_libsysbase_a-_exit.o)
                0x00127b94                _exit
 .text.chdir    0x00127bb4      0x140 /opt/devkitpro/devkitARM/lib/gcc/arm-none-eabi/16.1.0/../../../../arm-none-eabi/lib/armv6k/fpu/libsysbase.a(libsysbase_libsysbase_a-chdir.o)
                0x00127bb4                chdir
 .text._concatenate_path
                0x00127cf4      0x1c8 /opt/devkitpro/devkitARM/lib/gcc/arm-none-eabi/16.1.0/../../../../arm-none-eabi/lib/armv6k/fpu/libsysbase.a(libsysbase_libsysbase_a-concatenate.o)
                0x00127cf4                _concatenate_path
 .text._fstat_r
                0x00127ebc       0x9c /opt/devkitpro/devkitARM/lib/gcc/arm-none-eabi/16.1.0/../../../../arm-none-eabi/lib/armv6k/fpu/libsysbase.a(libsysbase_libsysbase_a-fstat.o)
                0x00127ebc                _fstat_r
 .text._getpid_r
                0x00127f58       0x14 /opt/devkitpro/devkitARM/lib/gcc/arm-none-eabi/16.1.0/../../../../arm-none-eabi/lib/armv6k/fpu/libsysbase.a(libsysbase_libsysbase_a-getpid.o)
                0x00127f58                _getpid_r
 .text.__getreent
                0x00127f6c       0x2c /opt/devkitpro/devkitARM/lib/gcc/arm-none-eabi/16.1.0/../../../../arm-none-eabi/lib/armv6k/fpu/libsysbase.a(libsysbase_libsysbase_a-getreent.o)
                0x00127f6c                __getreent
 .text.__get_handle
                0x00127f98       0x58 /opt/devkitpro/devkitARM/lib/gcc/arm-none-eabi/16.1.0/../../../../arm-none-eabi/lib/armv6k/fpu/libsysbase.a(libsysbase_libsysbase_a-handle_manager.o)
                0x00127f98                __get_handle
 .text._close_r
                0x00127ff0      0x110 /opt/devkitpro/devkitARM/lib/gcc/arm-none-eabi/16.1.0/../../../../arm-none-eabi/lib/armv6k/fpu/libsysbase.a(libsysbase_libsysbase_a-handle_manager.o)
                0x00127ff0                _close_r
 .text.null_write
                0x00128100        0x8 /opt/devkitpro/devkitARM/lib/gcc/arm-none-eabi/16.1.0/../../../../arm-none-eabi/lib/armv6k/fpu/libsysbase.a(libsysbase_libsysbase_a-iosupport.o)
 .text.setDefaultDevice
                0x00128108       0x18 /opt/devkitpro/devkitARM/lib/gcc/arm-none-eabi/16.1.0/../../../../arm-none-eabi/lib/armv6k/fpu/libsysbase.a(libsysbase_libsysbase_a-iosupport.o)
                0x00128108                setDefaultDevice
 .text.FindDevice
                0x00128120       0x98 /opt/devkitpro/devkitARM/lib/gcc/arm-none-eabi/16.1.0/../../../../arm-none-eabi/lib/armv6k/fpu/libsysbase.a(libsysbase_libsysbase_a-iosupport.o)
                0x00128120                FindDevice
 .text.RemoveDevice
                0x001281b8       0x24 /opt/devkitpro/devkitARM/lib/gcc/arm-none-eabi/16.1.0/../../../../arm-none-eabi/lib/armv6k/fpu/libsysbase.a(libsysbase_libsysbase_a-iosupport.o)
                0x001281b8                RemoveDevice
 .text.AddDevice
                0x001281dc       0x88 /opt/devkitpro/devkitARM/lib/gcc/arm-none-eabi/16.1.0/../../../../arm-none-eabi/lib/armv6k/fpu/libsysbase.a(libsysbase_libsysbase_a-iosupport.o)
                0x001281dc                AddDevice
 .text.GetDeviceOpTab
                0x00128264       0x20 /opt/devkitpro/devkitARM/lib/gcc/arm-none-eabi/16.1.0/../../../../arm-none-eabi/lib/armv6k/fpu/libsysbase.a(libsysbase_libsysbase_a-iosupport.o)
                0x00128264                GetDeviceOpTab
 .text._isatty_r
                0x00128284        0x8 /opt/devkitpro/devkitARM/lib/gcc/arm-none-eabi/16.1.0/../../../../arm-none-eabi/lib/armv6k/fpu/libsysbase.a(libsysbase_libsysbase_a-isatty.o)
                0x00128284                _isatty_r
 .text._kill_r  0x0012828c       0x14 /opt/devkitpro/devkitARM/lib/gcc/arm-none-eabi/16.1.0/../../../../arm-none-eabi/lib/armv6k/fpu/libsysbase.a(libsysbase_libsysbase_a-kill.o)
                0x0012828c                _kill_r
 .text._lseek_r
                0x001282a0       0x94 /opt/devkitpro/devkitARM/lib/gcc/arm-none-eabi/16.1.0/../../../../arm-none-eabi/lib/armv6k/fpu/libsysbase.a(libsysbase_libsysbase_a-lseek.o)
                0x001282a0                _lseek_r
 .text._read_r  0x00128334       0x94 /opt/devkitpro/devkitARM/lib/gcc/arm-none-eabi/16.1.0/../../../../arm-none-eabi/lib/armv6k/fpu/libsysbase.a(libsysbase_libsysbase_a-read.o)
                0x00128334                _read_r
 .text._sbrk_r  0x001283c8       0x78 /opt/devkitpro/devkitARM/lib/gcc/arm-none-eabi/16.1.0/../../../../arm-none-eabi/lib/armv6k/fpu/libsysbase.a(libsysbase_libsysbase_a-sbrk.o)
                0x001283c8                _sbrk_r
 .text.__libc_lock_acquire
                0x00128440       0x1c /opt/devkitpro/devkitARM/lib/gcc/arm-none-eabi/16.1.0/../../../../arm-none-eabi/lib/armv6k/fpu/libsysbase.a(libsysbase_libsysbase_a-syscall_support.o)
                0x00128440                __libc_lock_acquire
 .text.__libc_lock_release
                0x0012845c       0x1c /opt/devkitpro/devkitARM/lib/gcc/arm-none-eabi/16.1.0/../../../../arm-none-eabi/lib/armv6k/fpu/libsysbase.a(libsysbase_libsysbase_a-syscall_support.o)
                0x0012845c                __libc_lock_release
 .text.__libc_lock_acquire_recursive
                0x00128478       0x1c /opt/devkitpro/devkitARM/lib/gcc/arm-none-eabi/16.1.0/../../../../arm-none-eabi/lib/armv6k/fpu/libsysbase.a(libsysbase_libsysbase_a-syscall_support.o)
                0x00128478                __libc_lock_acquire_recursive
 .text.__libc_lock_release_recursive
                0x00128494       0x1c /opt/devkitpro/devkitARM/lib/gcc/arm-none-eabi/16.1.0/../../../../arm-none-eabi/lib/armv6k/fpu/libsysbase.a(libsysbase_libsysbase_a-syscall_support.o)